[+] Loading snakemake  7.32.4 
Using profile snakemake_profile for setting default command line arguments.
Building DAG of jobs...
Using shell: /usr/bin/bash
Provided cluster nodes: 2
Job stats:
job         count
--------  -------
all             1
basecall        2
total           3

Select jobs to execute...

[Sun Aug 24 19:18:20 2025]
rule basecall:
    input: /data/CARD_AUX/LRS_temp/NABEC_RNA/NABEC_SH-00-34_FTX_RNA/NABEC_SH-00-34_FTX_RNA/20250114_2321_2E_PAY64520_2d2a8c92/pod5
    output: /data/CARD_AUX/LRS_temp/NABEC_RNA/SNAKEMAKE_TEST/ONT_UBAM/NABEC_SH-00-34_FTX_RNA/NABEC_SH-00-34_FTX_RNA_20250114_2321_2E_PAY64520_2d2a8c92.bam
    jobid: 2
    reason: Missing output files: /data/CARD_AUX/LRS_temp/NABEC_RNA/SNAKEMAKE_TEST/ONT_UBAM/NABEC_SH-00-34_FTX_RNA/NABEC_SH-00-34_FTX_RNA_20250114_2321_2E_PAY64520_2d2a8c92.bam
    wildcards: sample_id=NABEC_SH-00-34_FTX_RNA, flowcell_id=20250114_2321_2E_PAY64520_2d2a8c92
    resources: mem_mb=50000, mem_mib=47684, disk_mb=50000, disk_mib=47684, tmpdir=<TBD>, runtime=7200, gpu=2, gpu_model=a100

basecall: submission command "sbatch --cpus-per-task=1 --mem=50000 --time=7200 --gres=lscratch:49,gpu:a100:2 --output=logs/basecall-%j.out --partition=gpu /vf/users/CARD_AUX/LRS_temp/NABEC_RNA/CARDlongread_ONT_long_read_RNA/.snakemake/tmp.o_uyuibl/snakejob.basecall.2.sh
Submitted job 2 with external jobid '65731751'.

[Sun Aug 24 19:18:22 2025]
rule basecall:
    input: /data/CARD_AUX/LRS_temp/NABEC_RNA/NABEC_KEN-1127_FTX_RNA/NABEC_KEN-1127_FTX_RNA/20250114_2320_2C_PAY66952_ea90759d/pod5
    output: /data/CARD_AUX/LRS_temp/NABEC_RNA/SNAKEMAKE_TEST/ONT_UBAM/NABEC_KEN-1127_FTX_RNA/NABEC_KEN-1127_FTX_RNA_20250114_2320_2C_PAY66952_ea90759d.bam
    jobid: 1
    reason: Missing output files: /data/CARD_AUX/LRS_temp/NABEC_RNA/SNAKEMAKE_TEST/ONT_UBAM/NABEC_KEN-1127_FTX_RNA/NABEC_KEN-1127_FTX_RNA_20250114_2320_2C_PAY66952_ea90759d.bam
    wildcards: sample_id=NABEC_KEN-1127_FTX_RNA, flowcell_id=20250114_2320_2C_PAY66952_ea90759d
    resources: mem_mb=50000, mem_mib=47684, disk_mb=50000, disk_mib=47684, tmpdir=<TBD>, runtime=7200, gpu=2, gpu_model=a100

basecall: submission command "sbatch --cpus-per-task=1 --mem=50000 --time=7200 --gres=lscratch:49,gpu:a100:2 --output=logs/basecall-%j.out --partition=gpu /vf/users/CARD_AUX/LRS_temp/NABEC_RNA/CARDlongread_ONT_long_read_RNA/.snakemake/tmp.o_uyuibl/snakejob.basecall.1.sh
Submitted job 1 with external jobid '65731752'.
[Sun Aug 24 19:20:55 2025]
Error in rule basecall:
    jobid: 2
    input: /data/CARD_AUX/LRS_temp/NABEC_RNA/NABEC_SH-00-34_FTX_RNA/NABEC_SH-00-34_FTX_RNA/20250114_2321_2E_PAY64520_2d2a8c92/pod5
    output: /data/CARD_AUX/LRS_temp/NABEC_RNA/SNAKEMAKE_TEST/ONT_UBAM/NABEC_SH-00-34_FTX_RNA/NABEC_SH-00-34_FTX_RNA_20250114_2321_2E_PAY64520_2d2a8c92.bam
    shell:
        
        
        scripts/basecalling.sh             --infile /data/CARD_AUX/LRS_temp/NABEC_RNA/NABEC_SH-00-34_FTX_RNA/NABEC_SH-00-34_FTX_RNA/20250114_2321_2E_PAY64520_2d2a8c92/pod5             --outfile /data/CARD_AUX/LRS_temp/NABEC_RNA/SNAKEMAKE_TEST/ONT_UBAM/NABEC_SH-00-34_FTX_RNA/NABEC_SH-00-34_FTX_RNA_20250114_2321_2E_PAY64520_2d2a8c92.bam             --outdir /data/CARD_AUX/LRS_temp/NABEC_RNA/SNAKEMAKE_TEST/ONT_UBAM/NABEC_SH-00-34_FTX_RNA/             --model dna_r10.4.1_e8.2_400bps_sup@v5.0.0         
        (one of the commands exited with non-zero exit code; note that snakemake uses bash strict mode!)
    cluster_jobid: 65731751

Error executing rule basecall on cluster (jobid: 2, external: 65731751, jobscript: /vf/users/CARD_AUX/LRS_temp/NABEC_RNA/CARDlongread_ONT_long_read_RNA/.snakemake/tmp.o_uyuibl/snakejob.basecall.2.sh). For error details see the cluster log and the log files of the involved rule(s).
Removing output files of failed job basecall since they might be corrupted:
/data/CARD_AUX/LRS_temp/NABEC_RNA/SNAKEMAKE_TEST/ONT_UBAM/NABEC_SH-00-34_FTX_RNA/NABEC_SH-00-34_FTX_RNA_20250114_2321_2E_PAY64520_2d2a8c92.bam
[Sun Aug 24 19:20:56 2025]
Error in rule basecall:
    jobid: 1
    input: /data/CARD_AUX/LRS_temp/NABEC_RNA/NABEC_KEN-1127_FTX_RNA/NABEC_KEN-1127_FTX_RNA/20250114_2320_2C_PAY66952_ea90759d/pod5
    output: /data/CARD_AUX/LRS_temp/NABEC_RNA/SNAKEMAKE_TEST/ONT_UBAM/NABEC_KEN-1127_FTX_RNA/NABEC_KEN-1127_FTX_RNA_20250114_2320_2C_PAY66952_ea90759d.bam
    shell:
        
        
        scripts/basecalling.sh             --infile /data/CARD_AUX/LRS_temp/NABEC_RNA/NABEC_KEN-1127_FTX_RNA/NABEC_KEN-1127_FTX_RNA/20250114_2320_2C_PAY66952_ea90759d/pod5             --outfile /data/CARD_AUX/LRS_temp/NABEC_RNA/SNAKEMAKE_TEST/ONT_UBAM/NABEC_KEN-1127_FTX_RNA/NABEC_KEN-1127_FTX_RNA_20250114_2320_2C_PAY66952_ea90759d.bam             --outdir /data/CARD_AUX/LRS_temp/NABEC_RNA/SNAKEMAKE_TEST/ONT_UBAM/NABEC_KEN-1127_FTX_RNA/             --model dna_r10.4.1_e8.2_400bps_sup@v5.0.0         
        (one of the commands exited with non-zero exit code; note that snakemake uses bash strict mode!)
    cluster_jobid: 65731752

Error executing rule basecall on cluster (jobid: 1, external: 65731752, jobscript: /vf/users/CARD_AUX/LRS_temp/NABEC_RNA/CARDlongread_ONT_long_read_RNA/.snakemake/tmp.o_uyuibl/snakejob.basecall.1.sh). For error details see the cluster log and the log files of the involved rule(s).
Removing output files of failed job basecall since they might be corrupted:
/data/CARD_AUX/LRS_temp/NABEC_RNA/SNAKEMAKE_TEST/ONT_UBAM/NABEC_KEN-1127_FTX_RNA/NABEC_KEN-1127_FTX_RNA_20250114_2320_2C_PAY66952_ea90759d.bam
slurmstepd: error: *** JOB 65731747 ON cn0018 CANCELLED AT 2025-08-24T19:20:58 ***
