Building DAG of jobs...
Using shell: /usr/bin/bash
Provided cluster nodes: 2
Job stats:
job      count
-----  -------
all          1
merge        2
total        3

Select jobs to execute...

[Thu Jul 17 16:17:23 2025]
rule merge:
    input: rawdata/ASSEMBLY/ISOQUANT/NABEC_KEN-1069_FTX_RNA/NABEC_KEN-1069_FTX_RNA_20250114_2319_2A_PAW72725_5119b730/NABEC_KEN-1069_FTX_RNA_20250114_2319_2A_PAW72725_5119b730.transcript_models.gtf, rawdata/ASSEMBLY/STRINGTIE/NABEC_KEN-1069_FTX_RNA/NABEC_KEN-1069_FTX_RNA_20250114_2319_2A_PAW72725_5119b730_brain.stringtie.gtf, rawdata/MAPPED/NABEC_KEN-1069_FTX_RNA/NABEC_KEN-1069_FTX_RNA_20250114_2319_2A_PAW72725_5119b730_brain_mapped.sorted.bam
    output: rawdata/ASSEMBLY/MERGED/NABEC_KEN-1069_FTX_RNA/NABEC_KEN-1069_FTX_RNA_20250114_2319_2A_PAW72725_5119b730_annotated.gtf
    jobid: 1
    reason: Missing output files: rawdata/ASSEMBLY/MERGED/NABEC_KEN-1069_FTX_RNA/NABEC_KEN-1069_FTX_RNA_20250114_2319_2A_PAW72725_5119b730_annotated.gtf
    wildcards: sample_id=NABEC_KEN-1069_FTX_RNA, flowcell_id=20250114_2319_2A_PAW72725_5119b730
    threads: 20
    resources: mem_mb=20000, mem_mib=19074, disk_mb=10000, disk_mib=9537, tmpdir=<TBD>, runtime=4320

Submitted job 1 with external jobid '62930439'.

[Thu Jul 17 16:17:25 2025]
rule merge:
    input: rawdata/ASSEMBLY/ISOQUANT/NABEC_KEN-1127_FTX_RNA/NABEC_KEN-1127_FTX_RNA_20250114_2320_2C_PAY66952_ea90759d/NABEC_KEN-1127_FTX_RNA_20250114_2320_2C_PAY66952_ea90759d.transcript_models.gtf, rawdata/ASSEMBLY/STRINGTIE/NABEC_KEN-1127_FTX_RNA/NABEC_KEN-1127_FTX_RNA_20250114_2320_2C_PAY66952_ea90759d_brain.stringtie.gtf, rawdata/MAPPED/NABEC_KEN-1127_FTX_RNA/NABEC_KEN-1127_FTX_RNA_20250114_2320_2C_PAY66952_ea90759d_brain_mapped.sorted.bam
    output: rawdata/ASSEMBLY/MERGED/NABEC_KEN-1127_FTX_RNA/NABEC_KEN-1127_FTX_RNA_20250114_2320_2C_PAY66952_ea90759d_annotated.gtf
    jobid: 2
    reason: Missing output files: rawdata/ASSEMBLY/MERGED/NABEC_KEN-1127_FTX_RNA/NABEC_KEN-1127_FTX_RNA_20250114_2320_2C_PAY66952_ea90759d_annotated.gtf
    wildcards: sample_id=NABEC_KEN-1127_FTX_RNA, flowcell_id=20250114_2320_2C_PAY66952_ea90759d
    threads: 20
    resources: mem_mb=20000, mem_mib=19074, disk_mb=10000, disk_mib=9537, tmpdir=<TBD>, runtime=4320

Submitted job 2 with external jobid '62930440'.
[Thu Jul 17 16:19:25 2025]
Error in rule merge:
    jobid: 1
    input: rawdata/ASSEMBLY/ISOQUANT/NABEC_KEN-1069_FTX_RNA/NABEC_KEN-1069_FTX_RNA_20250114_2319_2A_PAW72725_5119b730/NABEC_KEN-1069_FTX_RNA_20250114_2319_2A_PAW72725_5119b730.transcript_models.gtf, rawdata/ASSEMBLY/STRINGTIE/NABEC_KEN-1069_FTX_RNA/NABEC_KEN-1069_FTX_RNA_20250114_2319_2A_PAW72725_5119b730_brain.stringtie.gtf, rawdata/MAPPED/NABEC_KEN-1069_FTX_RNA/NABEC_KEN-1069_FTX_RNA_20250114_2319_2A_PAW72725_5119b730_brain_mapped.sorted.bam
    output: rawdata/ASSEMBLY/MERGED/NABEC_KEN-1069_FTX_RNA/NABEC_KEN-1069_FTX_RNA_20250114_2319_2A_PAW72725_5119b730_annotated.gtf
    shell:
        
        scripts/transcript_merge.sh             --input_bam rawdata/MAPPED/NABEC_KEN-1069_FTX_RNA/NABEC_KEN-1069_FTX_RNA_20250114_2319_2A_PAW72725_5119b730_brain_mapped.sorted.bam             --isoquant_gtf rawdata/ASSEMBLY/ISOQUANT/NABEC_KEN-1069_FTX_RNA/NABEC_KEN-1069_FTX_RNA_20250114_2319_2A_PAW72725_5119b730/NABEC_KEN-1069_FTX_RNA_20250114_2319_2A_PAW72725_5119b730.transcript_models.gtf             --stringtie_gtf rawdata/ASSEMBLY/STRINGTIE/NABEC_KEN-1069_FTX_RNA/NABEC_KEN-1069_FTX_RNA_20250114_2319_2A_PAW72725_5119b730_brain.stringtie.gtf             --merge_dir rawdata/ASSEMBLY/MERGED/NABEC_KEN-1069_FTX_RNA             --genome /data/CARDPB/resources/hg38/GCA_000001405.15_GRCh38_no_alt_analysis_set.fa             --ref_gtf /data/CARDPB/resources/hg38/gencode.v43.annotation.gtf             --prefix NABEC_KEN-1069_FTX_RNA_20250114_2319_2A_PAW72725_5119b730             --outfile rawdata/ASSEMBLY/MERGED/NABEC_KEN-1069_FTX_RNA/NABEC_KEN-1069_FTX_RNA_20250114_2319_2A_PAW72725_5119b730_annotated.gtf             --tama_script_dir scripts/         
        (one of the commands exited with non-zero exit code; note that snakemake uses bash strict mode!)
    cluster_jobid: 62930439

Error executing rule merge on cluster (jobid: 1, external: 62930439, jobscript: /vf/users/CARD_AUX/LRS_temp/NABEC_RNA/CARDlongread_ONT_long_read_RNA/.snakemake/tmp.8ngo84jh/snakejob.merge.1.sh). For error details see the cluster log and the log files of the involved rule(s).
[Thu Jul 17 16:19:26 2025]
Error in rule merge:
    jobid: 2
    input: rawdata/ASSEMBLY/ISOQUANT/NABEC_KEN-1127_FTX_RNA/NABEC_KEN-1127_FTX_RNA_20250114_2320_2C_PAY66952_ea90759d/NABEC_KEN-1127_FTX_RNA_20250114_2320_2C_PAY66952_ea90759d.transcript_models.gtf, rawdata/ASSEMBLY/STRINGTIE/NABEC_KEN-1127_FTX_RNA/NABEC_KEN-1127_FTX_RNA_20250114_2320_2C_PAY66952_ea90759d_brain.stringtie.gtf, rawdata/MAPPED/NABEC_KEN-1127_FTX_RNA/NABEC_KEN-1127_FTX_RNA_20250114_2320_2C_PAY66952_ea90759d_brain_mapped.sorted.bam
    output: rawdata/ASSEMBLY/MERGED/NABEC_KEN-1127_FTX_RNA/NABEC_KEN-1127_FTX_RNA_20250114_2320_2C_PAY66952_ea90759d_annotated.gtf
    shell:
        
        scripts/transcript_merge.sh             --input_bam rawdata/MAPPED/NABEC_KEN-1127_FTX_RNA/NABEC_KEN-1127_FTX_RNA_20250114_2320_2C_PAY66952_ea90759d_brain_mapped.sorted.bam             --isoquant_gtf rawdata/ASSEMBLY/ISOQUANT/NABEC_KEN-1127_FTX_RNA/NABEC_KEN-1127_FTX_RNA_20250114_2320_2C_PAY66952_ea90759d/NABEC_KEN-1127_FTX_RNA_20250114_2320_2C_PAY66952_ea90759d.transcript_models.gtf             --stringtie_gtf rawdata/ASSEMBLY/STRINGTIE/NABEC_KEN-1127_FTX_RNA/NABEC_KEN-1127_FTX_RNA_20250114_2320_2C_PAY66952_ea90759d_brain.stringtie.gtf             --merge_dir rawdata/ASSEMBLY/MERGED/NABEC_KEN-1127_FTX_RNA             --genome /data/CARDPB/resources/hg38/GCA_000001405.15_GRCh38_no_alt_analysis_set.fa             --ref_gtf /data/CARDPB/resources/hg38/gencode.v43.annotation.gtf             --prefix NABEC_KEN-1127_FTX_RNA_20250114_2320_2C_PAY66952_ea90759d             --outfile rawdata/ASSEMBLY/MERGED/NABEC_KEN-1127_FTX_RNA/NABEC_KEN-1127_FTX_RNA_20250114_2320_2C_PAY66952_ea90759d_annotated.gtf             --tama_script_dir scripts/         
        (one of the commands exited with non-zero exit code; note that snakemake uses bash strict mode!)
    cluster_jobid: 62930440

Error executing rule merge on cluster (jobid: 2, external: 62930440, jobscript: /vf/users/CARD_AUX/LRS_temp/NABEC_RNA/CARDlongread_ONT_long_read_RNA/.snakemake/tmp.8ngo84jh/snakejob.merge.2.sh). For error details see the cluster log and the log files of the involved rule(s).
Exiting because a job execution failed. Look above for error message
Complete log: .snakemake/log/2025-07-17T161722.101090.snakemake.log
