Building DAG of jobs...
Using shell: /usr/bin/bash
Provided cluster nodes: 2
Job stats:
job          count
---------  -------
all              1
isoquant         2
merge            2
stringtie        2
total            7

Select jobs to execute...

[Thu Jul 17 14:44:38 2025]
rule stringtie:
    input: rawdata/MAPPED/NABEC_KEN-1069_FTX_RNA/NABEC_KEN-1069_FTX_RNA_20250114_2319_2A_PAW72725_5119b730_brain_mapped.sorted.bam
    output: rawdata/ASSEMBLY/STRINGTIE/NABEC_KEN-1069_FTX_RNA/sirv/NABEC_KEN-1069_FTX_RNA_20250114_2319_2A_PAW72725_5119b730_sirv.stringtie.gtf, rawdata/ASSEMBLY/STRINGTIE/NABEC_KEN-1069_FTX_RNA/NABEC_KEN-1069_FTX_RNA_20250114_2319_2A_PAW72725_5119b730_brain.stringtie.gtf
    jobid: 3
    reason: Missing output files: rawdata/ASSEMBLY/STRINGTIE/NABEC_KEN-1069_FTX_RNA/NABEC_KEN-1069_FTX_RNA_20250114_2319_2A_PAW72725_5119b730_brain.stringtie.gtf
    wildcards: sample_id=NABEC_KEN-1069_FTX_RNA, flowcell_id=20250114_2319_2A_PAW72725_5119b730
    threads: 20
    resources: mem_mb=50000, mem_mib=47684, disk_mb=50000, disk_mib=47684, tmpdir=<TBD>, runtime=4320, slurm_partition=quick

Error submitting jobscript (exit code 1):



[Thu Jul 17 14:44:40 2025]
rule stringtie:
    input: rawdata/MAPPED/NABEC_KEN-1127_FTX_RNA/NABEC_KEN-1127_FTX_RNA_20250114_2320_2C_PAY66952_ea90759d_brain_mapped.sorted.bam
    output: rawdata/ASSEMBLY/STRINGTIE/NABEC_KEN-1127_FTX_RNA/sirv/NABEC_KEN-1127_FTX_RNA_20250114_2320_2C_PAY66952_ea90759d_sirv.stringtie.gtf, rawdata/ASSEMBLY/STRINGTIE/NABEC_KEN-1127_FTX_RNA/NABEC_KEN-1127_FTX_RNA_20250114_2320_2C_PAY66952_ea90759d_brain.stringtie.gtf
    jobid: 6
    reason: Missing output files: rawdata/ASSEMBLY/STRINGTIE/NABEC_KEN-1127_FTX_RNA/NABEC_KEN-1127_FTX_RNA_20250114_2320_2C_PAY66952_ea90759d_brain.stringtie.gtf
    wildcards: sample_id=NABEC_KEN-1127_FTX_RNA, flowcell_id=20250114_2320_2C_PAY66952_ea90759d
    threads: 20
    resources: mem_mb=50000, mem_mib=47684, disk_mb=50000, disk_mib=47684, tmpdir=<TBD>, runtime=4320, slurm_partition=quick

Error submitting jobscript (exit code 1):


Select jobs to execute...

[Thu Jul 17 14:44:41 2025]
rule isoquant:
    input: rawdata/MAPPED/NABEC_KEN-1069_FTX_RNA/NABEC_KEN-1069_FTX_RNA_20250114_2319_2A_PAW72725_5119b730_brain_mapped.sorted.bam
    output: rawdata/ASSEMBLY/ISOQUANT/NABEC_KEN-1069_FTX_RNA/NABEC_KEN-1069_FTX_RNA_20250114_2319_2A_PAW72725_5119b730.transcript_models.gtf
    jobid: 2
    reason: Missing output files: rawdata/ASSEMBLY/ISOQUANT/NABEC_KEN-1069_FTX_RNA/NABEC_KEN-1069_FTX_RNA_20250114_2319_2A_PAW72725_5119b730.transcript_models.gtf
    wildcards: sample_id=NABEC_KEN-1069_FTX_RNA, flowcell_id=20250114_2319_2A_PAW72725_5119b730
    threads: 10
    resources: mem_mb=50000, mem_mib=47684, disk_mb=50000, disk_mib=47684, tmpdir=<TBD>, runtime=4320

Submitted job 2 with external jobid '62921722'.

[Thu Jul 17 14:44:43 2025]
rule isoquant:
    input: rawdata/MAPPED/NABEC_KEN-1127_FTX_RNA/NABEC_KEN-1127_FTX_RNA_20250114_2320_2C_PAY66952_ea90759d_brain_mapped.sorted.bam
    output: rawdata/ASSEMBLY/ISOQUANT/NABEC_KEN-1127_FTX_RNA/NABEC_KEN-1127_FTX_RNA_20250114_2320_2C_PAY66952_ea90759d.transcript_models.gtf
    jobid: 5
    reason: Missing output files: rawdata/ASSEMBLY/ISOQUANT/NABEC_KEN-1127_FTX_RNA/NABEC_KEN-1127_FTX_RNA_20250114_2320_2C_PAY66952_ea90759d.transcript_models.gtf
    wildcards: sample_id=NABEC_KEN-1127_FTX_RNA, flowcell_id=20250114_2320_2C_PAY66952_ea90759d
    threads: 10
    resources: mem_mb=50000, mem_mib=47684, disk_mb=50000, disk_mib=47684, tmpdir=<TBD>, runtime=4320

Submitted job 5 with external jobid '62921726'.
[Thu Jul 17 14:50:55 2025]
Error in rule isoquant:
    jobid: 2
    input: rawdata/MAPPED/NABEC_KEN-1069_FTX_RNA/NABEC_KEN-1069_FTX_RNA_20250114_2319_2A_PAW72725_5119b730_brain_mapped.sorted.bam
    output: rawdata/ASSEMBLY/ISOQUANT/NABEC_KEN-1069_FTX_RNA/NABEC_KEN-1069_FTX_RNA_20250114_2319_2A_PAW72725_5119b730.transcript_models.gtf
    shell:
        
        scripts/sirv_isoquant_assembly.sh             --infile rawdata/MAPPED/NABEC_KEN-1069_FTX_RNA/NABEC_KEN-1069_FTX_RNA_20250114_2319_2A_PAW72725_5119b730_brain_mapped.sorted.bam             --outdir rawdata/ASSEMBLY/ISOQUANT/NABEC_KEN-1069_FTX_RNA/sirv/             --sirvome /data/CARDPB/data/LRS_RNA/projects/cedrics_nabec/REFERENCES/SIRV/SIRV_ERCC_longSIRV_multi-fasta_20210507.fasta             --genedb /data/CARDPB/data/LRS_RNA/projects/cedrics_nabec/REFERENCES/SIRV/SIRV_ERCC_longSIRV_multi-fasta_20210507.corrected.gtf             --prefix NABEC_KEN-1069_FTX_RNA_20250114_2319_2A_PAW72725_5119b730_sirv
        scripts/brain_isoquant_assembly.sh             --infile rawdata/MAPPED/NABEC_KEN-1069_FTX_RNA/NABEC_KEN-1069_FTX_RNA_20250114_2319_2A_PAW72725_5119b730_brain_mapped.sorted.bam             --outdir rawdata/ASSEMBLY/ISOQUANT/NABEC_KEN-1069_FTX_RNA/             --genome /data/CARDPB/resources/hg38/GCA_000001405.15_GRCh38_no_alt_analysis_set.fa             --genedb /data/CARDPB/resources/hg38/gencode.v43.annotation.gtf             --prefix NABEC_KEN-1069_FTX_RNA_20250114_2319_2A_PAW72725_5119b730 
        
        (one of the commands exited with non-zero exit code; note that snakemake uses bash strict mode!)
    cluster_jobid: 62921722

Error executing rule isoquant on cluster (jobid: 2, external: 62921722, jobscript: /vf/users/CARD_AUX/LRS_temp/NABEC_RNA/CARDlongread_ONT_long_read_RNA/.snakemake/tmp.6ttvcibr/snakejob.isoquant.2.sh). For error details see the cluster log and the log files of the involved rule(s).
[Thu Jul 17 14:50:56 2025]
Error in rule isoquant:
    jobid: 5
    input: rawdata/MAPPED/NABEC_KEN-1127_FTX_RNA/NABEC_KEN-1127_FTX_RNA_20250114_2320_2C_PAY66952_ea90759d_brain_mapped.sorted.bam
    output: rawdata/ASSEMBLY/ISOQUANT/NABEC_KEN-1127_FTX_RNA/NABEC_KEN-1127_FTX_RNA_20250114_2320_2C_PAY66952_ea90759d.transcript_models.gtf
    shell:
        
        scripts/sirv_isoquant_assembly.sh             --infile rawdata/MAPPED/NABEC_KEN-1127_FTX_RNA/NABEC_KEN-1127_FTX_RNA_20250114_2320_2C_PAY66952_ea90759d_brain_mapped.sorted.bam             --outdir rawdata/ASSEMBLY/ISOQUANT/NABEC_KEN-1127_FTX_RNA/sirv/             --sirvome /data/CARDPB/data/LRS_RNA/projects/cedrics_nabec/REFERENCES/SIRV/SIRV_ERCC_longSIRV_multi-fasta_20210507.fasta             --genedb /data/CARDPB/data/LRS_RNA/projects/cedrics_nabec/REFERENCES/SIRV/SIRV_ERCC_longSIRV_multi-fasta_20210507.corrected.gtf             --prefix NABEC_KEN-1127_FTX_RNA_20250114_2320_2C_PAY66952_ea90759d_sirv
        scripts/brain_isoquant_assembly.sh             --infile rawdata/MAPPED/NABEC_KEN-1127_FTX_RNA/NABEC_KEN-1127_FTX_RNA_20250114_2320_2C_PAY66952_ea90759d_brain_mapped.sorted.bam             --outdir rawdata/ASSEMBLY/ISOQUANT/NABEC_KEN-1127_FTX_RNA/             --genome /data/CARDPB/resources/hg38/GCA_000001405.15_GRCh38_no_alt_analysis_set.fa             --genedb /data/CARDPB/resources/hg38/gencode.v43.annotation.gtf             --prefix NABEC_KEN-1127_FTX_RNA_20250114_2320_2C_PAY66952_ea90759d 
        
        (one of the commands exited with non-zero exit code; note that snakemake uses bash strict mode!)
    cluster_jobid: 62921726

Error executing rule isoquant on cluster (jobid: 5, external: 62921726, jobscript: /vf/users/CARD_AUX/LRS_temp/NABEC_RNA/CARDlongread_ONT_long_read_RNA/.snakemake/tmp.6ttvcibr/snakejob.isoquant.5.sh). For error details see the cluster log and the log files of the involved rule(s).
Exiting because a job execution failed. Look above for error message
Complete log: .snakemake/log/2025-07-17T144436.610675.snakemake.log
