Building DAG of jobs...
Using shell: /usr/bin/bash
Provided cluster nodes: 2
Job stats:
job          count
---------  -------
alignment        2
all              1
basecall         2
isoquant         2
merge            2
stringtie        2
trimming         2
total           13

Select jobs to execute...

[Mon Jul 21 15:30:55 2025]
rule basecall:
    input: /data/CARD_AUX/LRS_temp/NABEC_RNA/NABEC_KEN-1142_FTX_RNA/NABEC_KEN-1142_FTX_RNA/20250114_2321_2D_PAY64818_eea1f032/pod5
    output: rawdata/ONT_UBAM/NABEC_KEN-1142_FTX_RNA/NABEC_KEN-1142_FTX_RNA_20250114_2321_2D_PAY64818_eea1f032.bam
    jobid: 11
    reason: Missing output files: rawdata/ONT_UBAM/NABEC_KEN-1142_FTX_RNA/NABEC_KEN-1142_FTX_RNA_20250114_2321_2D_PAY64818_eea1f032.bam
    wildcards: sample_id=NABEC_KEN-1142_FTX_RNA, flowcell_id=20250114_2321_2D_PAY64818_eea1f032
    resources: mem_mb=300000, mem_mib=286103, disk_mb=50000, disk_mib=47684, tmpdir=<TBD>, runtime=4320, gpu=2, gpu_model=v100x

Submitted job 11 with external jobid '63208687'.

[Mon Jul 21 15:30:58 2025]
rule basecall:
    input: /data/CARD_AUX/LRS_temp/NABEC_RNA/NABEC_KEN-1092_FTX_RNA/NABEC_KEN-1092_FTX_RNA/20250114_2320_2B_PBA15382_a372bdf5/pod5
    output: rawdata/ONT_UBAM/NABEC_KEN-1092_FTX_RNA/NABEC_KEN-1092_FTX_RNA_20250114_2320_2B_PBA15382_a372bdf5.bam
    jobid: 5
    reason: Missing output files: rawdata/ONT_UBAM/NABEC_KEN-1092_FTX_RNA/NABEC_KEN-1092_FTX_RNA_20250114_2320_2B_PBA15382_a372bdf5.bam
    wildcards: sample_id=NABEC_KEN-1092_FTX_RNA, flowcell_id=20250114_2320_2B_PBA15382_a372bdf5
    resources: mem_mb=300000, mem_mib=286103, disk_mb=50000, disk_mib=47684, tmpdir=<TBD>, runtime=4320, gpu=2, gpu_model=v100x

Submitted job 5 with external jobid '63208688'.
WorkflowError:
Failed to obtain job status. See above for error message.
  File "/usr/local/apps/snakemake/conda/envs/7.32.4/lib/python3.11/asyncio/runners.py", line 190, in run
  File "/usr/local/apps/snakemake/conda/envs/7.32.4/lib/python3.11/asyncio/runners.py", line 118, in run
  File "/usr/local/apps/snakemake/conda/envs/7.32.4/lib/python3.11/asyncio/base_events.py", line 654, in run_until_complete
Shutting down, this might take some time.
