Building DAG of jobs...
Using shell: /usr/bin/bash
Provided cluster nodes: 2
Job stats:
job         count
--------  -------
all             1
basecall        2
total           3

Select jobs to execute...

[Sun Aug 24 19:05:49 2025]
rule basecall:
    input: /data/CARD_AUX/LRS_temp/NABEC_RNA/NABEC_SH-00-34_FTX_RNA/NABEC_SH-00-34_FTX_RNA/20250114_2321_2E_PAY64520_2d2a8c92/pod5
    output: /data/CARD_AUX/LRS_temp/NABEC_RNA/SNAKEMAKE_TEST/ONT_UBAM/NABEC_SH-00-34_FTX_RNA/NABEC_SH-00-34_FTX_RNA_20250114_2321_2E_PAY64520_2d2a8c92.bam
    jobid: 2
    reason: Missing output files: /data/CARD_AUX/LRS_temp/NABEC_RNA/SNAKEMAKE_TEST/ONT_UBAM/NABEC_SH-00-34_FTX_RNA/NABEC_SH-00-34_FTX_RNA_20250114_2321_2E_PAY64520_2d2a8c92.bam
    wildcards: sample_id=NABEC_SH-00-34_FTX_RNA, flowcell_id=20250114_2321_2E_PAY64520_2d2a8c92
    resources: mem_mb=250000, mem_mib=238419, disk_mb=50000, disk_mib=47684, tmpdir=<TBD>, runtime=7200, gpu=2, gpu_model=a100

Error submitting jobscript (exit code 1):



[Sun Aug 24 19:05:52 2025]
rule basecall:
    input: /data/CARD_AUX/LRS_temp/NABEC_RNA/NABEC_KEN-1127_FTX_RNA/NABEC_KEN-1127_FTX_RNA/20250114_2320_2C_PAY66952_ea90759d/pod5
    output: /data/CARD_AUX/LRS_temp/NABEC_RNA/SNAKEMAKE_TEST/ONT_UBAM/NABEC_KEN-1127_FTX_RNA/NABEC_KEN-1127_FTX_RNA_20250114_2320_2C_PAY66952_ea90759d.bam
    jobid: 1
    reason: Missing output files: /data/CARD_AUX/LRS_temp/NABEC_RNA/SNAKEMAKE_TEST/ONT_UBAM/NABEC_KEN-1127_FTX_RNA/NABEC_KEN-1127_FTX_RNA_20250114_2320_2C_PAY66952_ea90759d.bam
    wildcards: sample_id=NABEC_KEN-1127_FTX_RNA, flowcell_id=20250114_2320_2C_PAY66952_ea90759d
    resources: mem_mb=250000, mem_mib=238419, disk_mb=50000, disk_mib=47684, tmpdir=<TBD>, runtime=7200, gpu=2, gpu_model=a100

Error submitting jobscript (exit code 1):


Exiting because a job execution failed. Look above for error message
Complete log: .snakemake/log/2025-08-24T190548.365029.snakemake.log
