Building DAG of jobs...
Using shell: /usr/bin/bash
Provided cluster nodes: 2
Job stats:
job      count
-----  -------
all          1
merge        2
total        3

Select jobs to execute...

[Thu Jul 17 16:11:46 2025]
rule merge:
    input: rawdata/ASSEMBLY/ISOQUANT/NABEC_KEN-1069_FTX_RNA/NABEC_KEN-1069_FTX_RNA_20250114_2319_2A_PAW72725_5119b730/NABEC_KEN-1069_FTX_RNA_20250114_2319_2A_PAW72725_5119b730.transcript_models.gtf, rawdata/ASSEMBLY/STRINGTIE/NABEC_KEN-1069_FTX_RNA/NABEC_KEN-1069_FTX_RNA_20250114_2319_2A_PAW72725_5119b730_brain.stringtie.gtf, rawdata/MAPPED/NABEC_KEN-1069_FTX_RNA/NABEC_KEN-1069_FTX_RNA_20250114_2319_2A_PAW72725_5119b730_brain_mapped.sorted.bam
    output: rawdata/ASSEMBLY/MERGED/NABEC_KEN-1069_FTX_RNA/NABEC_KEN-1069_FTX_RNA_20250114_2319_2A_PAW72725_5119b730_annotated.gtf
    jobid: 1
    reason: Missing output files: rawdata/ASSEMBLY/MERGED/NABEC_KEN-1069_FTX_RNA/NABEC_KEN-1069_FTX_RNA_20250114_2319_2A_PAW72725_5119b730_annotated.gtf
    wildcards: sample_id=NABEC_KEN-1069_FTX_RNA, flowcell_id=20250114_2319_2A_PAW72725_5119b730
    threads: 20
    resources: mem_mb=20000, mem_mib=19074, disk_mb=10000, disk_mib=9537, tmpdir=<TBD>, runtime=4320

Submitted job 1 with external jobid '62930105'.

[Thu Jul 17 16:11:47 2025]
rule merge:
    input: rawdata/ASSEMBLY/ISOQUANT/NABEC_KEN-1127_FTX_RNA/NABEC_KEN-1127_FTX_RNA_20250114_2320_2C_PAY66952_ea90759d/NABEC_KEN-1127_FTX_RNA_20250114_2320_2C_PAY66952_ea90759d.transcript_models.gtf, rawdata/ASSEMBLY/STRINGTIE/NABEC_KEN-1127_FTX_RNA/NABEC_KEN-1127_FTX_RNA_20250114_2320_2C_PAY66952_ea90759d_brain.stringtie.gtf, rawdata/MAPPED/NABEC_KEN-1127_FTX_RNA/NABEC_KEN-1127_FTX_RNA_20250114_2320_2C_PAY66952_ea90759d_brain_mapped.sorted.bam
    output: rawdata/ASSEMBLY/MERGED/NABEC_KEN-1127_FTX_RNA/NABEC_KEN-1127_FTX_RNA_20250114_2320_2C_PAY66952_ea90759d_annotated.gtf
    jobid: 2
    reason: Missing output files: rawdata/ASSEMBLY/MERGED/NABEC_KEN-1127_FTX_RNA/NABEC_KEN-1127_FTX_RNA_20250114_2320_2C_PAY66952_ea90759d_annotated.gtf
    wildcards: sample_id=NABEC_KEN-1127_FTX_RNA, flowcell_id=20250114_2320_2C_PAY66952_ea90759d
    threads: 20
    resources: mem_mb=20000, mem_mib=19074, disk_mb=10000, disk_mib=9537, tmpdir=<TBD>, runtime=4320

Submitted job 2 with external jobid '62930107'.
