Building DAG of jobs...
Using shell: /usr/bin/bash
Provided cluster nodes: 2
Job stats:
job          count
---------  -------
alignment        2
all              1
basecall         2
isoquant         2
merge            2
stringtie        2
trimming         2
total           13

Select jobs to execute...

[Fri Jul 18 15:20:50 2025]
rule basecall:
    input: rawdata/NABEC_KEN-1127_FTX_RNA/NABEC_KEN-1127_FTX_RNA/20250114_2320_2C_PAY66952_ea90759d/pod5
    output: rawdata/ONT_UBAM/NABEC_KEN-1127_FTX_RNA/NABEC_KEN-1127_FTX_RNA_20250114_2320_2C_PAY66952_ea90759d.bam
    jobid: 11
    reason: Missing output files: rawdata/ONT_UBAM/NABEC_KEN-1127_FTX_RNA/NABEC_KEN-1127_FTX_RNA_20250114_2320_2C_PAY66952_ea90759d.bam
    wildcards: sample_id=NABEC_KEN-1127_FTX_RNA, flowcell_id=20250114_2320_2C_PAY66952_ea90759d
    resources: mem_mb=50000, mem_mib=47684, disk_mb=50000, disk_mib=47684, tmpdir=<TBD>, runtime=4320, gpu=1, gpu_model=v100x

Submitted job 11 with external jobid '63008528'.

[Fri Jul 18 15:20:52 2025]
rule basecall:
    input: rawdata/NABEC_KEN-1069_FTX_RNA/NABEC_KEN-1069_FTX_RNA/20250114_2319_2A_PAW72725_5119b730/pod5
    output: rawdata/ONT_UBAM/NABEC_KEN-1069_FTX_RNA/NABEC_KEN-1069_FTX_RNA_20250114_2319_2A_PAW72725_5119b730.bam
    jobid: 5
    reason: Missing output files: rawdata/ONT_UBAM/NABEC_KEN-1069_FTX_RNA/NABEC_KEN-1069_FTX_RNA_20250114_2319_2A_PAW72725_5119b730.bam
    wildcards: sample_id=NABEC_KEN-1069_FTX_RNA, flowcell_id=20250114_2319_2A_PAW72725_5119b730
    resources: mem_mb=50000, mem_mib=47684, disk_mb=50000, disk_mib=47684, tmpdir=<TBD>, runtime=4320, gpu=1, gpu_model=v100x

Submitted job 5 with external jobid '63008529'.
[Fri Jul 18 17:59:22 2025]
Finished job 11.
1 of 13 steps (8%) done
Select jobs to execute...

[Fri Jul 18 17:59:22 2025]
rule trimming:
    input: rawdata/ONT_UBAM/NABEC_KEN-1127_FTX_RNA/NABEC_KEN-1127_FTX_RNA_20250114_2320_2C_PAY66952_ea90759d.bam
    output: rawdata/PYCHOPPER/NABEC_KEN-1127_FTX_RNA/NABEC_KEN-1127_FTX_RNA_20250114_2320_2C_PAY66952_ea90759d.trimmed.fastq
    jobid: 10
    reason: Missing output files: rawdata/PYCHOPPER/NABEC_KEN-1127_FTX_RNA/NABEC_KEN-1127_FTX_RNA_20250114_2320_2C_PAY66952_ea90759d.trimmed.fastq; Input files updated by another job: rawdata/ONT_UBAM/NABEC_KEN-1127_FTX_RNA/NABEC_KEN-1127_FTX_RNA_20250114_2320_2C_PAY66952_ea90759d.bam
    wildcards: sample_id=NABEC_KEN-1127_FTX_RNA, flowcell_id=20250114_2320_2C_PAY66952_ea90759d
    threads: 10
    resources: mem_mb=50000, mem_mib=47684, disk_mb=50000, disk_mib=47684, tmpdir=<TBD>, runtime=4320

Submitted job 10 with external jobid '63023591'.
[Fri Jul 18 18:14:28 2025]
Finished job 5.
2 of 13 steps (15%) done
Select jobs to execute...

[Fri Jul 18 18:14:28 2025]
rule trimming:
    input: rawdata/ONT_UBAM/NABEC_KEN-1069_FTX_RNA/NABEC_KEN-1069_FTX_RNA_20250114_2319_2A_PAW72725_5119b730.bam
    output: rawdata/PYCHOPPER/NABEC_KEN-1069_FTX_RNA/NABEC_KEN-1069_FTX_RNA_20250114_2319_2A_PAW72725_5119b730.trimmed.fastq
    jobid: 4
    reason: Missing output files: rawdata/PYCHOPPER/NABEC_KEN-1069_FTX_RNA/NABEC_KEN-1069_FTX_RNA_20250114_2319_2A_PAW72725_5119b730.trimmed.fastq; Input files updated by another job: rawdata/ONT_UBAM/NABEC_KEN-1069_FTX_RNA/NABEC_KEN-1069_FTX_RNA_20250114_2319_2A_PAW72725_5119b730.bam
    wildcards: sample_id=NABEC_KEN-1069_FTX_RNA, flowcell_id=20250114_2319_2A_PAW72725_5119b730
    threads: 10
    resources: mem_mb=50000, mem_mib=47684, disk_mb=50000, disk_mib=47684, tmpdir=<TBD>, runtime=4320

Submitted job 4 with external jobid '63024397'.
[Fri Jul 18 18:29:30 2025]
Finished job 10.
3 of 13 steps (23%) done
Select jobs to execute...

[Fri Jul 18 18:29:30 2025]
rule alignment:
    input: rawdata/PYCHOPPER/NABEC_KEN-1127_FTX_RNA/NABEC_KEN-1127_FTX_RNA_20250114_2320_2C_PAY66952_ea90759d.trimmed.fastq
    output: rawdata/MAPPED/NABEC_KEN-1127_FTX_RNA/NABEC_KEN-1127_FTX_RNA_20250114_2320_2C_PAY66952_ea90759d_brain_mapped.sorted.bam
    jobid: 9
    reason: Missing output files: rawdata/MAPPED/NABEC_KEN-1127_FTX_RNA/NABEC_KEN-1127_FTX_RNA_20250114_2320_2C_PAY66952_ea90759d_brain_mapped.sorted.bam; Input files updated by another job: rawdata/PYCHOPPER/NABEC_KEN-1127_FTX_RNA/NABEC_KEN-1127_FTX_RNA_20250114_2320_2C_PAY66952_ea90759d.trimmed.fastq
    wildcards: sample_id=NABEC_KEN-1127_FTX_RNA, flowcell_id=20250114_2320_2C_PAY66952_ea90759d
    threads: 20
    resources: mem_mb=80000, mem_mib=76294, disk_mb=50000, disk_mib=47684, tmpdir=<TBD>, runtime=4320

Submitted job 9 with external jobid '63025359'.
[Fri Jul 18 18:37:30 2025]
Finished job 9.
4 of 13 steps (31%) done
Select jobs to execute...

[Fri Jul 18 18:37:30 2025]
rule isoquant:
    input: rawdata/MAPPED/NABEC_KEN-1127_FTX_RNA/NABEC_KEN-1127_FTX_RNA_20250114_2320_2C_PAY66952_ea90759d_brain_mapped.sorted.bam
    output: rawdata/ASSEMBLY/ISOQUANT/NABEC_KEN-1127_FTX_RNA/NABEC_KEN-1127_FTX_RNA_20250114_2320_2C_PAY66952_ea90759d/NABEC_KEN-1127_FTX_RNA_20250114_2320_2C_PAY66952_ea90759d.transcript_models.gtf
    jobid: 8
    reason: Missing output files: rawdata/ASSEMBLY/ISOQUANT/NABEC_KEN-1127_FTX_RNA/NABEC_KEN-1127_FTX_RNA_20250114_2320_2C_PAY66952_ea90759d/NABEC_KEN-1127_FTX_RNA_20250114_2320_2C_PAY66952_ea90759d.transcript_models.gtf; Input files updated by another job: rawdata/MAPPED/NABEC_KEN-1127_FTX_RNA/NABEC_KEN-1127_FTX_RNA_20250114_2320_2C_PAY66952_ea90759d_brain_mapped.sorted.bam
    wildcards: sample_id=NABEC_KEN-1127_FTX_RNA, flowcell_id=20250114_2320_2C_PAY66952_ea90759d
    threads: 10
    resources: mem_mb=50000, mem_mib=47684, disk_mb=50000, disk_mib=47684, tmpdir=<TBD>, runtime=4320

Submitted job 8 with external jobid '63025734'.
[Fri Jul 18 18:45:27 2025]
Finished job 4.
5 of 13 steps (38%) done
Select jobs to execute...

[Fri Jul 18 18:45:27 2025]
rule alignment:
    input: rawdata/PYCHOPPER/NABEC_KEN-1069_FTX_RNA/NABEC_KEN-1069_FTX_RNA_20250114_2319_2A_PAW72725_5119b730.trimmed.fastq
    output: rawdata/MAPPED/NABEC_KEN-1069_FTX_RNA/NABEC_KEN-1069_FTX_RNA_20250114_2319_2A_PAW72725_5119b730_brain_mapped.sorted.bam
    jobid: 3
    reason: Missing output files: rawdata/MAPPED/NABEC_KEN-1069_FTX_RNA/NABEC_KEN-1069_FTX_RNA_20250114_2319_2A_PAW72725_5119b730_brain_mapped.sorted.bam; Input files updated by another job: rawdata/PYCHOPPER/NABEC_KEN-1069_FTX_RNA/NABEC_KEN-1069_FTX_RNA_20250114_2319_2A_PAW72725_5119b730.trimmed.fastq
    wildcards: sample_id=NABEC_KEN-1069_FTX_RNA, flowcell_id=20250114_2319_2A_PAW72725_5119b730
    threads: 20
    resources: mem_mb=80000, mem_mib=76294, disk_mb=50000, disk_mib=47684, tmpdir=<TBD>, runtime=4320

Submitted job 3 with external jobid '63026242'.
[Fri Jul 18 18:52:54 2025]
Finished job 3.
6 of 13 steps (46%) done
Select jobs to execute...

[Fri Jul 18 18:52:54 2025]
rule stringtie:
    input: rawdata/MAPPED/NABEC_KEN-1127_FTX_RNA/NABEC_KEN-1127_FTX_RNA_20250114_2320_2C_PAY66952_ea90759d_brain_mapped.sorted.bam
    output: rawdata/ASSEMBLY/STRINGTIE/NABEC_KEN-1127_FTX_RNA/sirv/NABEC_KEN-1127_FTX_RNA_20250114_2320_2C_PAY66952_ea90759d_sirv.stringtie.gtf, rawdata/ASSEMBLY/STRINGTIE/NABEC_KEN-1127_FTX_RNA/NABEC_KEN-1127_FTX_RNA_20250114_2320_2C_PAY66952_ea90759d_brain.stringtie.gtf
    jobid: 12
    reason: Missing output files: rawdata/ASSEMBLY/STRINGTIE/NABEC_KEN-1127_FTX_RNA/NABEC_KEN-1127_FTX_RNA_20250114_2320_2C_PAY66952_ea90759d_brain.stringtie.gtf; Input files updated by another job: rawdata/MAPPED/NABEC_KEN-1127_FTX_RNA/NABEC_KEN-1127_FTX_RNA_20250114_2320_2C_PAY66952_ea90759d_brain_mapped.sorted.bam
    wildcards: sample_id=NABEC_KEN-1127_FTX_RNA, flowcell_id=20250114_2320_2C_PAY66952_ea90759d
    threads: 20
    resources: mem_mb=50000, mem_mib=47684, disk_mb=50000, disk_mib=47684, tmpdir=<TBD>, runtime=240, slurm_partition=quick

Submitted job 12 with external jobid '63026714'.
[Fri Jul 18 18:54:23 2025]
Finished job 12.
7 of 13 steps (54%) done
Select jobs to execute...

[Fri Jul 18 18:54:23 2025]
rule isoquant:
    input: rawdata/MAPPED/NABEC_KEN-1069_FTX_RNA/NABEC_KEN-1069_FTX_RNA_20250114_2319_2A_PAW72725_5119b730_brain_mapped.sorted.bam
    output: rawdata/ASSEMBLY/ISOQUANT/NABEC_KEN-1069_FTX_RNA/NABEC_KEN-1069_FTX_RNA_20250114_2319_2A_PAW72725_5119b730/NABEC_KEN-1069_FTX_RNA_20250114_2319_2A_PAW72725_5119b730.transcript_models.gtf
    jobid: 2
    reason: Missing output files: rawdata/ASSEMBLY/ISOQUANT/NABEC_KEN-1069_FTX_RNA/NABEC_KEN-1069_FTX_RNA_20250114_2319_2A_PAW72725_5119b730/NABEC_KEN-1069_FTX_RNA_20250114_2319_2A_PAW72725_5119b730.transcript_models.gtf; Input files updated by another job: rawdata/MAPPED/NABEC_KEN-1069_FTX_RNA/NABEC_KEN-1069_FTX_RNA_20250114_2319_2A_PAW72725_5119b730_brain_mapped.sorted.bam
    wildcards: sample_id=NABEC_KEN-1069_FTX_RNA, flowcell_id=20250114_2319_2A_PAW72725_5119b730
    threads: 10
    resources: mem_mb=50000, mem_mib=47684, disk_mb=50000, disk_mib=47684, tmpdir=<TBD>, runtime=4320

Submitted job 2 with external jobid '63026774'.
[Fri Jul 18 19:25:55 2025]
Finished job 8.
8 of 13 steps (62%) done
Select jobs to execute...

[Fri Jul 18 19:25:55 2025]
rule merge:
    input: rawdata/ASSEMBLY/ISOQUANT/NABEC_KEN-1127_FTX_RNA/NABEC_KEN-1127_FTX_RNA_20250114_2320_2C_PAY66952_ea90759d/NABEC_KEN-1127_FTX_RNA_20250114_2320_2C_PAY66952_ea90759d.transcript_models.gtf, rawdata/ASSEMBLY/STRINGTIE/NABEC_KEN-1127_FTX_RNA/NABEC_KEN-1127_FTX_RNA_20250114_2320_2C_PAY66952_ea90759d_brain.stringtie.gtf, rawdata/MAPPED/NABEC_KEN-1127_FTX_RNA/NABEC_KEN-1127_FTX_RNA_20250114_2320_2C_PAY66952_ea90759d_brain_mapped.sorted.bam
    output: rawdata/ASSEMBLY/MERGED/NABEC_KEN-1127_FTX_RNA/NABEC_KEN-1127_FTX_RNA_20250114_2320_2C_PAY66952_ea90759d.annotated.gtf
    jobid: 7
    reason: Missing output files: rawdata/ASSEMBLY/MERGED/NABEC_KEN-1127_FTX_RNA/NABEC_KEN-1127_FTX_RNA_20250114_2320_2C_PAY66952_ea90759d.annotated.gtf; Input files updated by another job: rawdata/ASSEMBLY/STRINGTIE/NABEC_KEN-1127_FTX_RNA/NABEC_KEN-1127_FTX_RNA_20250114_2320_2C_PAY66952_ea90759d_brain.stringtie.gtf, rawdata/MAPPED/NABEC_KEN-1127_FTX_RNA/NABEC_KEN-1127_FTX_RNA_20250114_2320_2C_PAY66952_ea90759d_brain_mapped.sorted.bam, rawdata/ASSEMBLY/ISOQUANT/NABEC_KEN-1127_FTX_RNA/NABEC_KEN-1127_FTX_RNA_20250114_2320_2C_PAY66952_ea90759d/NABEC_KEN-1127_FTX_RNA_20250114_2320_2C_PAY66952_ea90759d.transcript_models.gtf
    wildcards: sample_id=NABEC_KEN-1127_FTX_RNA, flowcell_id=20250114_2320_2C_PAY66952_ea90759d
    threads: 20
    resources: mem_mb=20000, mem_mib=19074, disk_mb=10000, disk_mib=9537, tmpdir=<TBD>, runtime=4320

Submitted job 7 with external jobid '63029763'.
[Fri Jul 18 19:47:59 2025]
Finished job 2.
9 of 13 steps (69%) done
Select jobs to execute...

[Fri Jul 18 19:47:59 2025]
rule stringtie:
    input: rawdata/MAPPED/NABEC_KEN-1069_FTX_RNA/NABEC_KEN-1069_FTX_RNA_20250114_2319_2A_PAW72725_5119b730_brain_mapped.sorted.bam
    output: rawdata/ASSEMBLY/STRINGTIE/NABEC_KEN-1069_FTX_RNA/sirv/NABEC_KEN-1069_FTX_RNA_20250114_2319_2A_PAW72725_5119b730_sirv.stringtie.gtf, rawdata/ASSEMBLY/STRINGTIE/NABEC_KEN-1069_FTX_RNA/NABEC_KEN-1069_FTX_RNA_20250114_2319_2A_PAW72725_5119b730_brain.stringtie.gtf
    jobid: 6
    reason: Missing output files: rawdata/ASSEMBLY/STRINGTIE/NABEC_KEN-1069_FTX_RNA/NABEC_KEN-1069_FTX_RNA_20250114_2319_2A_PAW72725_5119b730_brain.stringtie.gtf; Input files updated by another job: rawdata/MAPPED/NABEC_KEN-1069_FTX_RNA/NABEC_KEN-1069_FTX_RNA_20250114_2319_2A_PAW72725_5119b730_brain_mapped.sorted.bam
    wildcards: sample_id=NABEC_KEN-1069_FTX_RNA, flowcell_id=20250114_2319_2A_PAW72725_5119b730
    threads: 20
    resources: mem_mb=50000, mem_mib=47684, disk_mb=50000, disk_mib=47684, tmpdir=<TBD>, runtime=240, slurm_partition=quick

Submitted job 6 with external jobid '63030893'.
[Fri Jul 18 19:49:29 2025]
Finished job 6.
10 of 13 steps (77%) done
Select jobs to execute...

[Fri Jul 18 19:49:29 2025]
rule merge:
    input: rawdata/ASSEMBLY/ISOQUANT/NABEC_KEN-1069_FTX_RNA/NABEC_KEN-1069_FTX_RNA_20250114_2319_2A_PAW72725_5119b730/NABEC_KEN-1069_FTX_RNA_20250114_2319_2A_PAW72725_5119b730.transcript_models.gtf, rawdata/ASSEMBLY/STRINGTIE/NABEC_KEN-1069_FTX_RNA/NABEC_KEN-1069_FTX_RNA_20250114_2319_2A_PAW72725_5119b730_brain.stringtie.gtf, rawdata/MAPPED/NABEC_KEN-1069_FTX_RNA/NABEC_KEN-1069_FTX_RNA_20250114_2319_2A_PAW72725_5119b730_brain_mapped.sorted.bam
    output: rawdata/ASSEMBLY/MERGED/NABEC_KEN-1069_FTX_RNA/NABEC_KEN-1069_FTX_RNA_20250114_2319_2A_PAW72725_5119b730.annotated.gtf
    jobid: 1
    reason: Missing output files: rawdata/ASSEMBLY/MERGED/NABEC_KEN-1069_FTX_RNA/NABEC_KEN-1069_FTX_RNA_20250114_2319_2A_PAW72725_5119b730.annotated.gtf; Input files updated by another job: rawdata/ASSEMBLY/STRINGTIE/NABEC_KEN-1069_FTX_RNA/NABEC_KEN-1069_FTX_RNA_20250114_2319_2A_PAW72725_5119b730_brain.stringtie.gtf, rawdata/MAPPED/NABEC_KEN-1069_FTX_RNA/NABEC_KEN-1069_FTX_RNA_20250114_2319_2A_PAW72725_5119b730_brain_mapped.sorted.bam, rawdata/ASSEMBLY/ISOQUANT/NABEC_KEN-1069_FTX_RNA/NABEC_KEN-1069_FTX_RNA_20250114_2319_2A_PAW72725_5119b730/NABEC_KEN-1069_FTX_RNA_20250114_2319_2A_PAW72725_5119b730.transcript_models.gtf
    wildcards: sample_id=NABEC_KEN-1069_FTX_RNA, flowcell_id=20250114_2319_2A_PAW72725_5119b730
    threads: 20
    resources: mem_mb=20000, mem_mib=19074, disk_mb=10000, disk_mib=9537, tmpdir=<TBD>, runtime=4320

Submitted job 1 with external jobid '63030927'.
[Fri Jul 18 19:52:26 2025]
Finished job 7.
11 of 13 steps (85%) done
[Fri Jul 18 20:30:55 2025]
Finished job 1.
12 of 13 steps (92%) done
Select jobs to execute...

[Fri Jul 18 20:30:55 2025]
localrule all:
    input: rawdata/ASSEMBLY/MERGED/NABEC_KEN-1069_FTX_RNA/NABEC_KEN-1069_FTX_RNA_20250114_2319_2A_PAW72725_5119b730.annotated.gtf, rawdata/ASSEMBLY/MERGED/NABEC_KEN-1127_FTX_RNA/NABEC_KEN-1127_FTX_RNA_20250114_2320_2C_PAY66952_ea90759d.annotated.gtf
    jobid: 0
    reason: Input files updated by another job: rawdata/ASSEMBLY/MERGED/NABEC_KEN-1127_FTX_RNA/NABEC_KEN-1127_FTX_RNA_20250114_2320_2C_PAY66952_ea90759d.annotated.gtf, rawdata/ASSEMBLY/MERGED/NABEC_KEN-1069_FTX_RNA/NABEC_KEN-1069_FTX_RNA_20250114_2319_2A_PAW72725_5119b730.annotated.gtf
    resources: mem_mb=1000, mem_mib=954, disk_mb=1000, disk_mib=954, tmpdir=/tmp

[Fri Jul 18 20:30:55 2025]
Finished job 0.
13 of 13 steps (100%) done
Complete log: .snakemake/log/2025-07-18T152049.046467.snakemake.log
