Building DAG of jobs...
Using shell: /usr/bin/bash
Provided cluster nodes: 2
Job stats:
job      count
-----  -------
all          1
merge        2
total        3

Select jobs to execute...

[Fri Jul 18 14:05:01 2025]
rule merge:
    input: rawdata/ASSEMBLY/ISOQUANT/NABEC_KEN-1069_FTX_RNA/NABEC_KEN-1069_FTX_RNA_20250114_2319_2A_PAW72725_5119b730/NABEC_KEN-1069_FTX_RNA_20250114_2319_2A_PAW72725_5119b730.transcript_models.gtf, rawdata/ASSEMBLY/STRINGTIE/NABEC_KEN-1069_FTX_RNA/NABEC_KEN-1069_FTX_RNA_20250114_2319_2A_PAW72725_5119b730_brain.stringtie.gtf, rawdata/MAPPED/NABEC_KEN-1069_FTX_RNA/NABEC_KEN-1069_FTX_RNA_20250114_2319_2A_PAW72725_5119b730_brain_mapped.sorted.bam
    output: rawdata/ASSEMBLY/MERGED/NABEC_KEN-1069_FTX_RNA/NABEC_KEN-1069_FTX_RNA_20250114_2319_2A_PAW72725_5119b730.annotated.gtf
    jobid: 1
    reason: Missing output files: rawdata/ASSEMBLY/MERGED/NABEC_KEN-1069_FTX_RNA/NABEC_KEN-1069_FTX_RNA_20250114_2319_2A_PAW72725_5119b730.annotated.gtf
    wildcards: sample_id=NABEC_KEN-1069_FTX_RNA, flowcell_id=20250114_2319_2A_PAW72725_5119b730
    threads: 20
    resources: mem_mb=20000, mem_mib=19074, disk_mb=10000, disk_mib=9537, tmpdir=<TBD>, runtime=4320

Submitted job 1 with external jobid '63004084'.

[Fri Jul 18 14:05:03 2025]
rule merge:
    input: rawdata/ASSEMBLY/ISOQUANT/NABEC_KEN-1127_FTX_RNA/NABEC_KEN-1127_FTX_RNA_20250114_2320_2C_PAY66952_ea90759d/NABEC_KEN-1127_FTX_RNA_20250114_2320_2C_PAY66952_ea90759d.transcript_models.gtf, rawdata/ASSEMBLY/STRINGTIE/NABEC_KEN-1127_FTX_RNA/NABEC_KEN-1127_FTX_RNA_20250114_2320_2C_PAY66952_ea90759d_brain.stringtie.gtf, rawdata/MAPPED/NABEC_KEN-1127_FTX_RNA/NABEC_KEN-1127_FTX_RNA_20250114_2320_2C_PAY66952_ea90759d_brain_mapped.sorted.bam
    output: rawdata/ASSEMBLY/MERGED/NABEC_KEN-1127_FTX_RNA/NABEC_KEN-1127_FTX_RNA_20250114_2320_2C_PAY66952_ea90759d.annotated.gtf
    jobid: 2
    reason: Missing output files: rawdata/ASSEMBLY/MERGED/NABEC_KEN-1127_FTX_RNA/NABEC_KEN-1127_FTX_RNA_20250114_2320_2C_PAY66952_ea90759d.annotated.gtf
    wildcards: sample_id=NABEC_KEN-1127_FTX_RNA, flowcell_id=20250114_2320_2C_PAY66952_ea90759d
    threads: 20
    resources: mem_mb=20000, mem_mib=19074, disk_mb=10000, disk_mib=9537, tmpdir=<TBD>, runtime=4320

Submitted job 2 with external jobid '63004086'.
[Fri Jul 18 14:31:27 2025]
Finished job 1.
1 of 3 steps (33%) done
[Fri Jul 18 14:32:29 2025]
Finished job 2.
2 of 3 steps (67%) done
Select jobs to execute...

[Fri Jul 18 14:32:29 2025]
localrule all:
    input: rawdata/ASSEMBLY/MERGED/NABEC_KEN-1069_FTX_RNA/NABEC_KEN-1069_FTX_RNA_20250114_2319_2A_PAW72725_5119b730.annotated.gtf, rawdata/ASSEMBLY/MERGED/NABEC_KEN-1127_FTX_RNA/NABEC_KEN-1127_FTX_RNA_20250114_2320_2C_PAY66952_ea90759d.annotated.gtf
    jobid: 0
    reason: Input files updated by another job: rawdata/ASSEMBLY/MERGED/NABEC_KEN-1127_FTX_RNA/NABEC_KEN-1127_FTX_RNA_20250114_2320_2C_PAY66952_ea90759d.annotated.gtf, rawdata/ASSEMBLY/MERGED/NABEC_KEN-1069_FTX_RNA/NABEC_KEN-1069_FTX_RNA_20250114_2319_2A_PAW72725_5119b730.annotated.gtf
    resources: mem_mb=1000, mem_mib=954, disk_mb=1000, disk_mib=954, tmpdir=/tmp

[Fri Jul 18 14:32:29 2025]
Finished job 0.
3 of 3 steps (100%) done
Complete log: .snakemake/log/2025-07-18T140459.914035.snakemake.log
