Building DAG of jobs...
Using shell: /usr/bin/bash
Provided cores: 120
Rules claiming more threads will be scaled down.
Provided resources: mem_mb=200000, mem_mib=190735, disk_mb=100000, disk_mib=95368
Select jobs to execute...

[Tue Aug 26 18:43:51 2025]
rule alignment:
    input: /data/CARD_AUX/LRS_temp/NABEC_RNA/SNAKEMAKE_TEST/PYCHOPPER/NABEC_SH-03-17_FTX_RNA_test/NABEC_SH-03-17_FTX_RNA_test_20250116_1843_3G_PAY64563_27732d10_test.trimmed.fastq
    output: /data/CARD_AUX/LRS_temp/NABEC_RNA/SNAKEMAKE_TEST/MAPPED/NABEC_SH-03-17_FTX_RNA_test/NABEC_SH-03-17_FTX_RNA_test_20250116_1843_3G_PAY64563_27732d10_test_brain_mapped.sorted.bam
    jobid: 0
    reason: Forced execution
    wildcards: sample_id=NABEC_SH-03-17_FTX_RNA_test, flowcell_id=20250116_1843_3G_PAY64563_27732d10_test
    threads: 120
    resources: mem_mb=200000, mem_mib=190735, disk_mb=100000, disk_mib=95368, tmpdir=/lscratch/65882591/tmp, runtime=4320

[+] Loading minimap2, version 2.29...
[+] Loading samtools 1.21  ... 
[M::mm_idx_gen::0.030*0.43] collected minimizers
[M::mm_idx_gen::0.048*18.80] sorted minimizers
[M::main::0.048*18.78] loaded/built the index for 114 target sequence(s)
[M::mm_mapopt_update::0.051*17.69] mid_occ = 12
[M::mm_idx_stat] kmer size: 15; skip: 5; is_hpc: 0; #seq: 114
[M::mm_idx_stat::0.052*17.29] distinct minimizers: 108121 (85.66% are singletons); average occurrences: 1.330; average spacing: 2.952; total length: 424365
[M::worker_pipeline::3.201*1.05] mapped 60165 sequences
[M::main] Version: 2.29-r1283
[M::main] CMD: minimap2 -t 120 -ax splice --splice-flank=no /data/CARDPB/data/LRS_RNA/projects/cedrics_nabec/REFERENCES/SIRV/SIRV_ERCC_longSIRV_multi-fasta_20210507.fasta /data/CARD_AUX/LRS_temp/NABEC_RNA/SNAKEMAKE_TEST/PYCHOPPER/NABEC_SH-03-17_FTX_RNA_test/NABEC_SH-03-17_FTX_RNA_test_20250116_1843_3G_PAY64563_27732d10_test.trimmed.fastq -
[M::main] Real time: 3.206 sec; CPU: 3.357 sec; Peak RSS: 0.601 GB
[bam_sort_core] merging from 0 files and 120 in-memory blocks...
[bam_sort_core] merging from 0 files and 120 in-memory blocks...
[M::bam2fq_mainloop] discarded 0 singletons
[M::bam2fq_mainloop] processed 59696 reads
[M::mm_idx_gen::34.966*1.54] collected minimizers
[M::mm_idx_gen::42.433*5.09] sorted minimizers
[M::main::42.433*5.09] loaded/built the index for 195 target sequence(s)
[M::mm_mapopt_update::43.286*5.01] mid_occ = 1990
[M::mm_idx_stat] kmer size: 14; skip: 5; is_hpc: 0; #seq: 195
[M::mm_idx_stat::43.935*4.95] distinct minimizers: 65627027 (23.09% are singletons); average occurrences: 15.216; average spacing: 3.104; total length: 3099922541
[M::worker_pipeline::48.159*6.74] mapped 59696 sequences
[M::main] Version: 2.29-r1283
[M::main] CMD: minimap2 -t 120 -ax splice -k 14 -uf /data/CARDPB/resources/hg38/GCA_000001405.15_GRCh38_no_alt_analysis_set.fa /data/CARD_AUX/LRS_temp/NABEC_RNA/SNAKEMAKE_TEST/PYCHOPPER/NABEC_SH-03-17_FTX_RNA_test/NABEC_SH-03-17_FTX_RNA_test_20250116_1843_3G_PAY64563_27732d10_test_brain_unmapped.fastq -
[M::main] Real time: 48.373 sec; CPU: 324.614 sec; Peak RSS: 19.921 GB
[bam_sort_core] merging from 0 files and 120 in-memory blocks...
[Tue Aug 26 18:44:49 2025]
Finished job 0.
1 of 1 steps (100%) done
