Building DAG of jobs...
Using shell: /usr/bin/bash
Provided cores: 120
Rules claiming more threads will be scaled down.
Provided resources: mem_mb=200000, mem_mib=190735, disk_mb=100000, disk_mib=95368
Select jobs to execute...

[Fri Aug 29 03:24:00 2025]
rule alignment:
    input: /data/CARD_AUX/LRS_temp/NABEC_RNA/SNAKEMAKE_TEST/PYCHOPPER/NABEC_SH-97-53_FTX_RNA/NABEC_SH-97-53_FTX_RNA_20250114_2315_3C_PAY68370_975be5bd.trimmed.fastq
    output: /data/CARD_AUX/LRS_temp/NABEC_RNA/SNAKEMAKE_TEST/MAPPED/NABEC_SH-97-53_FTX_RNA/NABEC_SH-97-53_FTX_RNA_20250114_2315_3C_PAY68370_975be5bd_brain_mapped.sorted.bam
    jobid: 0
    reason: Forced execution
    wildcards: sample_id=NABEC_SH-97-53_FTX_RNA, flowcell_id=20250114_2315_3C_PAY68370_975be5bd
    threads: 120
    resources: mem_mb=200000, mem_mib=190735, disk_mb=100000, disk_mib=95368, tmpdir=/lscratch/66174882/tmp, runtime=4320

[+] Loading minimap2, version 2.29...
[+] Loading samtools 1.21  ... 
[M::mm_idx_gen::0.031*0.45] collected minimizers
[M::mm_idx_gen::0.050*19.63] sorted minimizers
[M::main::0.050*19.61] loaded/built the index for 114 target sequence(s)
[M::mm_mapopt_update::0.053*18.49] mid_occ = 12
[M::mm_idx_stat] kmer size: 15; skip: 5; is_hpc: 0; #seq: 114
[M::mm_idx_stat::0.054*18.10] distinct minimizers: 108121 (85.66% are singletons); average occurrences: 1.330; average spacing: 2.952; total length: 424365
[M::worker_pipeline::50.221*1.29] mapped 588177 sequences
[M::worker_pipeline::94.306*1.03] mapped 569987 sequences
[M::worker_pipeline::138.526*0.90] mapped 565833 sequences
[M::worker_pipeline::182.597*0.84] mapped 552972 sequences
[M::worker_pipeline::226.659*0.80] mapped 555260 sequences
[M::worker_pipeline::270.723*0.77] mapped 552837 sequences
[M::worker_pipeline::314.823*0.75] mapped 554729 sequences
[M::worker_pipeline::358.874*0.74] mapped 553090 sequences
[M::worker_pipeline::403.012*0.72] mapped 549892 sequences
[M::worker_pipeline::447.046*0.72] mapped 555666 sequences
[M::worker_pipeline::491.103*0.71] mapped 552380 sequences
[M::worker_pipeline::535.231*0.70] mapped 554900 sequences
[M::worker_pipeline::579.305*0.70] mapped 552066 sequences
[M::worker_pipeline::623.292*0.69] mapped 554657 sequences
[M::worker_pipeline::667.217*0.69] mapped 551759 sequences
[M::worker_pipeline::711.017*0.68] mapped 549765 sequences
[M::worker_pipeline::754.769*0.68] mapped 554053 sequences
[M::worker_pipeline::798.637*0.68] mapped 557181 sequences
[M::worker_pipeline::842.475*0.68] mapped 559580 sequences
[M::worker_pipeline::886.249*0.67] mapped 553718 sequences
[M::worker_pipeline::930.014*0.67] mapped 558406 sequences
[M::worker_pipeline::973.901*0.67] mapped 563386 sequences
[M::worker_pipeline::1018.349*0.67] mapped 552733 sequences
[M::worker_pipeline::1062.259*0.67] mapped 547880 sequences
[M::worker_pipeline::1106.104*0.66] mapped 551050 sequences
[M::worker_pipeline::1149.810*0.66] mapped 549680 sequences
[M::worker_pipeline::1193.644*0.66] mapped 551361 sequences
[M::worker_pipeline::1237.560*0.66] mapped 548504 sequences
[M::worker_pipeline::1281.321*0.66] mapped 550019 sequences
[M::worker_pipeline::1325.136*0.66] mapped 550797 sequences
[M::worker_pipeline::1369.021*0.66] mapped 558520 sequences
[M::worker_pipeline::1412.833*0.66] mapped 552568 sequences
[M::worker_pipeline::1456.821*0.65] mapped 554444 sequences
[M::worker_pipeline::1500.631*0.65] mapped 560768 sequences
[M::worker_pipeline::1544.381*0.65] mapped 558446 sequences
[M::worker_pipeline::1587.878*0.65] mapped 547023 sequences
[M::worker_pipeline::1631.480*0.65] mapped 546401 sequences
[M::worker_pipeline::1675.016*0.65] mapped 548581 sequences
[M::worker_pipeline::1718.409*0.65] mapped 548154 sequences
[M::worker_pipeline::1762.003*0.65] mapped 548837 sequences
[M::worker_pipeline::1805.592*0.65] mapped 545142 sequences
[M::worker_pipeline::1849.232*0.65] mapped 546979 sequences
[M::worker_pipeline::1892.881*0.65] mapped 544704 sequences
[M::worker_pipeline::1936.510*0.65] mapped 545114 sequences
[M::worker_pipeline::1980.410*0.65] mapped 546801 sequences
[M::worker_pipeline::2024.096*0.65] mapped 543783 sequences
[M::worker_pipeline::2067.831*0.65] mapped 545511 sequences
[M::worker_pipeline::2111.395*0.65] mapped 544644 sequences
[M::worker_pipeline::2154.926*0.64] mapped 545506 sequences
[M::worker_pipeline::2199.363*0.64] mapped 555838 sequences
[M::worker_pipeline::2243.087*0.64] mapped 552377 sequences
[M::worker_pipeline::2286.660*0.64] mapped 543074 sequences
[M::worker_pipeline::2330.250*0.64] mapped 546655 sequences
[M::worker_pipeline::2373.794*0.64] mapped 544464 sequences
[M::worker_pipeline::2417.361*0.64] mapped 547948 sequences
[M::worker_pipeline::2460.946*0.64] mapped 546882 sequences
[M::worker_pipeline::2504.528*0.64] mapped 548691 sequences
[M::worker_pipeline::2548.031*0.64] mapped 547077 sequences
[M::worker_pipeline::2591.705*0.64] mapped 552747 sequences
[M::worker_pipeline::2635.407*0.64] mapped 551940 sequences
[M::worker_pipeline::2679.345*0.64] mapped 550718 sequences
[M::worker_pipeline::2723.161*0.64] mapped 550776 sequences
[M::worker_pipeline::2766.950*0.64] mapped 549616 sequences
[M::worker_pipeline::2810.775*0.64] mapped 547963 sequences
[M::worker_pipeline::2854.547*0.64] mapped 554489 sequences
[M::worker_pipeline::2898.408*0.64] mapped 554828 sequences
[M::worker_pipeline::2942.316*0.64] mapped 547323 sequences
[M::worker_pipeline::2986.149*0.64] mapped 546259 sequences
[M::worker_pipeline::3030.371*0.64] mapped 547237 sequences
[M::worker_pipeline::3073.883*0.64] mapped 545993 sequences
[M::worker_pipeline::3117.471*0.64] mapped 547619 sequences
[M::worker_pipeline::3161.321*0.64] mapped 550416 sequences
[M::worker_pipeline::3205.336*0.64] mapped 550029 sequences
[M::worker_pipeline::3249.104*0.64] mapped 547229 sequences
[M::worker_pipeline::3292.952*0.64] mapped 550242 sequences
[M::worker_pipeline::3336.748*0.64] mapped 549435 sequences
[M::worker_pipeline::3380.550*0.64] mapped 547484 sequences
[M::worker_pipeline::3424.359*0.64] mapped 545332 sequences
[M::worker_pipeline::3468.024*0.64] mapped 546685 sequences
[M::worker_pipeline::3511.645*0.64] mapped 550035 sequences
[M::worker_pipeline::3555.444*0.63] mapped 557559 sequences
[M::worker_pipeline::3598.824*0.63] mapped 542232 sequences
[M::worker_pipeline::3642.561*0.63] mapped 540031 sequences
[M::worker_pipeline::3685.970*0.63] mapped 544134 sequences
[M::worker_pipeline::3729.492*0.63] mapped 543812 sequences
[M::worker_pipeline::3772.920*0.63] mapped 544128 sequences
[M::worker_pipeline::3816.518*0.63] mapped 543396 sequences
[M::worker_pipeline::3860.012*0.63] mapped 544973 sequences
[M::worker_pipeline::3903.534*0.63] mapped 546635 sequences
[M::worker_pipeline::3947.113*0.63] mapped 544860 sequences
[M::worker_pipeline::3990.767*0.63] mapped 544656 sequences
[M::worker_pipeline::4034.247*0.63] mapped 542773 sequences
[M::worker_pipeline::4077.527*0.63] mapped 543029 sequences
[M::worker_pipeline::4120.909*0.63] mapped 544475 sequences
[M::worker_pipeline::4164.691*0.63] mapped 550840 sequences
[M::worker_pipeline::4208.636*0.63] mapped 554360 sequences
[M::worker_pipeline::4251.917*0.63] mapped 542133 sequences
[M::worker_pipeline::4295.074*0.63] mapped 543962 sequences
[M::worker_pipeline::4337.971*0.63] mapped 544657 sequences
[M::worker_pipeline::4381.089*0.63] mapped 542895 sequences
[M::worker_pipeline::4425.307*0.63] mapped 556720 sequences
[M::worker_pipeline::4469.360*0.63] mapped 554637 sequences
[M::worker_pipeline::4507.041*0.63] mapped 475739 sequences
[M::main] Version: 2.29-r1283
[M::main] CMD: minimap2 -t 120 -ax splice --splice-flank=no /data/CARDPB/data/LRS_RNA/projects/cedrics_nabec/REFERENCES/SIRV/SIRV_ERCC_longSIRV_multi-fasta_20210507.fasta /data/CARD_AUX/LRS_temp/NABEC_RNA/SNAKEMAKE_TEST/PYCHOPPER/NABEC_SH-97-53_FTX_RNA/NABEC_SH-97-53_FTX_RNA_20250114_2315_3C_PAY68370_975be5bd.trimmed.fastq -
[M::main] Real time: 4507.155 sec; CPU: 2822.079 sec; Peak RSS: 6.192 GB
[bam_sort_core] merging from 0 files and 120 in-memory blocks...
[bam_sort_core] merging from 0 files and 120 in-memory blocks...
[bam_sort_core] merging from 0 files and 120 in-memory blocks...
[M::bam2fq_mainloop] discarded 0 singletons
[M::bam2fq_mainloop] processed 56406666 reads
[M::mm_idx_gen::41.289*1.55] collected minimizers
[M::mm_idx_gen::49.963*4.50] sorted minimizers
[M::main::49.963*4.50] loaded/built the index for 195 target sequence(s)
[M::mm_mapopt_update::50.833*4.44] mid_occ = 1990
[M::mm_idx_stat] kmer size: 14; skip: 5; is_hpc: 0; #seq: 195
[M::mm_idx_stat::51.519*4.39] distinct minimizers: 65627027 (23.09% are singletons); average occurrences: 15.216; average spacing: 3.104; total length: 3099922541
[M::worker_pipeline::136.170*34.16] mapped 587613 sequences
[M::worker_pipeline::189.132*36.39] mapped 569375 sequences
[M::worker_pipeline::241.028*37.99] mapped 565211 sequences
[M::worker_pipeline::293.981*38.79] mapped 552305 sequences
[M::worker_pipeline::346.269*39.45] mapped 554827 sequences
[M::worker_pipeline::398.719*39.84] mapped 552881 sequences
[M::worker_pipeline::451.387*40.28] mapped 554381 sequences
[M::worker_pipeline::506.247*40.46] mapped 551595 sequences
[M::worker_pipeline::562.899*40.48] mapped 550731 sequences
[M::worker_pipeline::615.667*40.77] mapped 554675 sequences
[M::worker_pipeline::669.720*40.93] mapped 551378 sequences
[M::worker_pipeline::722.488*41.12] mapped 555478 sequences
[M::worker_pipeline::775.031*41.27] mapped 550893 sequences
[M::worker_pipeline::827.760*41.44] mapped 553542 sequences
[M::worker_pipeline::880.777*41.56] mapped 552570 sequences
[M::worker_pipeline::933.646*41.68] mapped 549203 sequences
[M::worker_pipeline::988.432*41.66] mapped 553614 sequences
[M::worker_pipeline::1040.124*41.80] mapped 556543 sequences
[M::worker_pipeline::1092.615*41.84] mapped 559071 sequences
[M::worker_pipeline::1145.101*41.92] mapped 553001 sequences
[M::worker_pipeline::1197.674*41.98] mapped 559305 sequences
[M::worker_pipeline::1251.952*41.95] mapped 561792 sequences
[M::worker_pipeline::1304.195*42.03] mapped 551511 sequences
[M::worker_pipeline::1357.533*42.09] mapped 547800 sequences
[M::worker_pipeline::1411.483*42.14] mapped 550506 sequences
[M::worker_pipeline::1463.819*42.20] mapped 549122 sequences
[M::worker_pipeline::1515.384*42.25] mapped 551440 sequences
[M::worker_pipeline::1567.906*42.30] mapped 547850 sequences
[M::worker_pipeline::1621.107*42.34] mapped 550363 sequences
[M::worker_pipeline::1673.510*42.36] mapped 549875 sequences
[M::worker_pipeline::1725.894*42.39] mapped 557815 sequences
[M::worker_pipeline::1778.835*42.42] mapped 552189 sequences
[M::worker_pipeline::1833.433*42.39] mapped 554281 sequences
[M::worker_pipeline::1885.148*42.43] mapped 560935 sequences
[M::worker_pipeline::1938.368*42.45] mapped 557499 sequences
[M::worker_pipeline::1990.840*42.47] mapped 545194 sequences
[M::worker_pipeline::2042.976*42.50] mapped 546044 sequences
[M::worker_pipeline::2095.555*42.54] mapped 548603 sequences
[M::worker_pipeline::2148.057*42.55] mapped 547478 sequences
[M::worker_pipeline::2200.666*42.59] mapped 547515 sequences
[M::worker_pipeline::2254.581*42.59] mapped 544928 sequences
[M::worker_pipeline::2307.119*42.61] mapped 546477 sequences
[M::worker_pipeline::2361.147*42.61] mapped 543570 sequences
[M::worker_pipeline::2415.289*42.60] mapped 546322 sequences
[M::worker_pipeline::2467.796*42.63] mapped 545275 sequences
[M::worker_pipeline::2520.192*42.66] mapped 543296 sequences
[M::worker_pipeline::2575.479*42.63] mapped 545499 sequences
[M::worker_pipeline::2628.427*42.65] mapped 542869 sequences
[M::worker_pipeline::2683.578*42.63] mapped 545743 sequences
[M::worker_pipeline::2736.717*42.65] mapped 556847 sequences
[M::worker_pipeline::2789.795*42.67] mapped 550300 sequences
[M::worker_pipeline::2843.143*42.69] mapped 543088 sequences
[M::worker_pipeline::2895.942*42.71] mapped 545610 sequences
[M::worker_pipeline::2949.258*42.73] mapped 544168 sequences
[M::worker_pipeline::3001.993*42.75] mapped 547121 sequences
[M::worker_pipeline::3058.080*42.72] mapped 546849 sequences
[M::worker_pipeline::3110.411*42.73] mapped 549219 sequences
[M::worker_pipeline::3163.034*42.74] mapped 547300 sequences
[M::worker_pipeline::3216.399*42.76] mapped 551934 sequences
[M::worker_pipeline::3270.088*42.76] mapped 551504 sequences
[M::worker_pipeline::3323.315*42.76] mapped 549779 sequences
[M::worker_pipeline::3376.419*42.78] mapped 550046 sequences
[M::worker_pipeline::3429.521*42.78] mapped 548872 sequences
[M::worker_pipeline::3482.379*42.80] mapped 546724 sequences
[M::worker_pipeline::3535.445*42.81] mapped 556975 sequences
[M::worker_pipeline::3588.667*42.82] mapped 552168 sequences
[M::worker_pipeline::3642.595*42.83] mapped 546606 sequences
[M::worker_pipeline::3695.295*42.84] mapped 546358 sequences
[M::worker_pipeline::3748.582*42.84] mapped 546170 sequences
[M::worker_pipeline::3806.030*42.80] mapped 545906 sequences
[M::worker_pipeline::3859.155*42.81] mapped 547530 sequences
[M::worker_pipeline::3914.851*42.79] mapped 550237 sequences
[M::worker_pipeline::3968.101*42.79] mapped 548736 sequences
[M::worker_pipeline::4021.856*42.79] mapped 548547 sequences
[M::worker_pipeline::4074.889*42.80] mapped 548089 sequences
[M::worker_pipeline::4128.038*42.81] mapped 548976 sequences
[M::worker_pipeline::4180.857*42.81] mapped 546371 sequences
[M::worker_pipeline::4234.450*42.81] mapped 545474 sequences
[M::worker_pipeline::4288.280*42.81] mapped 545860 sequences
[M::worker_pipeline::4343.781*42.80] mapped 553905 sequences
[M::worker_pipeline::4397.892*42.79] mapped 552511 sequences
[M::worker_pipeline::4450.397*42.81] mapped 540602 sequences
[M::worker_pipeline::4504.071*42.81] mapped 539759 sequences
[M::worker_pipeline::4556.757*42.83] mapped 544051 sequences
[M::worker_pipeline::4609.875*42.84] mapped 543359 sequences
[M::worker_pipeline::4662.740*42.85] mapped 543617 sequences
[M::worker_pipeline::4715.721*42.86] mapped 543553 sequences
[M::worker_pipeline::4768.478*42.87] mapped 544373 sequences
[M::worker_pipeline::4821.097*42.87] mapped 545794 sequences
[M::worker_pipeline::4876.034*42.87] mapped 544809 sequences
[M::worker_pipeline::4930.164*42.86] mapped 543134 sequences
[M::worker_pipeline::4984.092*42.86] mapped 543195 sequences
[M::worker_pipeline::5037.561*42.87] mapped 542864 sequences
[M::worker_pipeline::5090.865*42.87] mapped 542593 sequences
[M::worker_pipeline::5147.501*42.85] mapped 554467 sequences
[M::worker_pipeline::5202.481*42.84] mapped 550155 sequences
[M::worker_pipeline::5255.365*42.84] mapped 542512 sequences
[M::worker_pipeline::5307.192*42.86] mapped 543393 sequences
[M::worker_pipeline::5360.938*42.86] mapped 543660 sequences
[M::worker_pipeline::5413.549*42.87] mapped 545270 sequences
[M::worker_pipeline::5468.009*42.86] mapped 556891 sequences
[M::worker_pipeline::5521.140*42.69] mapped 555657 sequences
[M::worker_pipeline::5547.928*42.49] mapped 323195 sequences
[M::main] Version: 2.29-r1283
[M::main] CMD: minimap2 -t 120 -ax splice -k 14 -uf /data/CARDPB/resources/hg38/GCA_000001405.15_GRCh38_no_alt_analysis_set.fa /data/CARD_AUX/LRS_temp/NABEC_RNA/SNAKEMAKE_TEST/PYCHOPPER/NABEC_SH-97-53_FTX_RNA/NABEC_SH-97-53_FTX_RNA_20250114_2315_3C_PAY68370_975be5bd_brain_unmapped.fastq -
[M::main] Real time: 5548.359 sec; CPU: 235716.997 sec; Peak RSS: 47.351 GB
[bam_sort_core] merging from 0 files and 120 in-memory blocks...
[Fri Aug 29 08:06:15 2025]
Finished job 0.
1 of 1 steps (100%) done
