Building DAG of jobs...
Using shell: /usr/bin/bash
Provided cores: 120
Rules claiming more threads will be scaled down.
Provided resources: mem_mb=200000, mem_mib=190735, disk_mb=100000, disk_mib=95368
Select jobs to execute...

[Thu Aug 28 16:56:40 2025]
rule alignment:
    input: /data/CARD_AUX/LRS_temp/NABEC_RNA/SNAKEMAKE_TEST/PYCHOPPER/NABEC_SH-00-34_FTX_RNA/NABEC_SH-00-34_FTX_RNA_20250114_2321_2E_PAY64520_2d2a8c92.trimmed.fastq
    output: /data/CARD_AUX/LRS_temp/NABEC_RNA/SNAKEMAKE_TEST/MAPPED/NABEC_SH-00-34_FTX_RNA/NABEC_SH-00-34_FTX_RNA_20250114_2321_2E_PAY64520_2d2a8c92_brain_mapped.sorted.bam
    jobid: 0
    reason: Forced execution
    wildcards: sample_id=NABEC_SH-00-34_FTX_RNA, flowcell_id=20250114_2321_2E_PAY64520_2d2a8c92
    threads: 120
    resources: mem_mb=200000, mem_mib=190735, disk_mb=100000, disk_mib=95368, tmpdir=/lscratch/66084738/tmp, runtime=4320

[+] Loading minimap2, version 2.29...
[+] Loading samtools 1.21  ... 
[M::mm_idx_gen::0.024*0.53] collected minimizers
[M::mm_idx_gen::0.042*24.71] sorted minimizers
[M::main::0.042*24.69] loaded/built the index for 114 target sequence(s)
[M::mm_mapopt_update::0.045*23.03] mid_occ = 12
[M::mm_idx_stat] kmer size: 15; skip: 5; is_hpc: 0; #seq: 114
[M::mm_idx_stat::0.047*22.45] distinct minimizers: 108121 (85.66% are singletons); average occurrences: 1.330; average spacing: 2.952; total length: 424365
[M::worker_pipeline::47.430*1.34] mapped 627113 sequences
[M::worker_pipeline::91.660*1.03] mapped 609412 sequences
[M::worker_pipeline::135.599*0.91] mapped 604846 sequences
[M::worker_pipeline::179.520*0.85] mapped 591422 sequences
[M::worker_pipeline::223.234*0.82] mapped 593220 sequences
[M::worker_pipeline::266.777*0.79] mapped 591375 sequences
[M::worker_pipeline::310.371*0.77] mapped 593824 sequences
[M::worker_pipeline::353.908*0.75] mapped 590835 sequences
[M::worker_pipeline::397.460*0.74] mapped 592332 sequences
[M::worker_pipeline::441.083*0.73] mapped 593185 sequences
[M::worker_pipeline::484.646*0.73] mapped 590414 sequences
[M::worker_pipeline::528.433*0.72] mapped 592357 sequences
[M::worker_pipeline::572.119*0.72] mapped 590338 sequences
[M::worker_pipeline::615.842*0.72] mapped 592149 sequences
[M::worker_pipeline::659.623*0.71] mapped 589259 sequences
[M::worker_pipeline::703.247*0.71] mapped 589611 sequences
[M::worker_pipeline::747.169*0.70] mapped 589605 sequences
[M::worker_pipeline::790.848*0.70] mapped 594869 sequences
[M::worker_pipeline::834.500*0.70] mapped 598659 sequences
[M::worker_pipeline::878.152*0.70] mapped 590931 sequences
[M::worker_pipeline::921.941*0.70] mapped 589573 sequences
[M::worker_pipeline::965.667*0.69] mapped 586508 sequences
[M::worker_pipeline::1009.458*0.69] mapped 589166 sequences
[M::worker_pipeline::1053.243*0.69] mapped 586828 sequences
[M::worker_pipeline::1096.919*0.69] mapped 588634 sequences
[M::worker_pipeline::1140.602*0.69] mapped 587213 sequences
[M::worker_pipeline::1184.258*0.69] mapped 589761 sequences
[M::worker_pipeline::1228.028*0.69] mapped 586314 sequences
[M::worker_pipeline::1271.678*0.69] mapped 585956 sequences
[M::worker_pipeline::1315.321*0.69] mapped 585033 sequences
[M::worker_pipeline::1358.956*0.68] mapped 585864 sequences
[M::worker_pipeline::1402.664*0.68] mapped 585592 sequences
[M::worker_pipeline::1446.382*0.68] mapped 584380 sequences
[M::worker_pipeline::1490.234*0.68] mapped 595029 sequences
[M::worker_pipeline::1534.223*0.68] mapped 596256 sequences
[M::worker_pipeline::1578.097*0.68] mapped 587695 sequences
[M::worker_pipeline::1621.878*0.68] mapped 584497 sequences
[M::worker_pipeline::1665.869*0.68] mapped 587150 sequences
[M::worker_pipeline::1709.724*0.68] mapped 584770 sequences
[M::worker_pipeline::1753.612*0.68] mapped 585679 sequences
[M::worker_pipeline::1797.502*0.68] mapped 583739 sequences
[M::worker_pipeline::1841.316*0.68] mapped 584105 sequences
[M::worker_pipeline::1885.191*0.68] mapped 584623 sequences
[M::worker_pipeline::1929.038*0.68] mapped 581204 sequences
[M::worker_pipeline::1972.783*0.68] mapped 586402 sequences
[M::worker_pipeline::2016.511*0.68] mapped 581848 sequences
[M::worker_pipeline::2060.342*0.68] mapped 584559 sequences
[M::worker_pipeline::2104.157*0.68] mapped 583774 sequences
[M::worker_pipeline::2147.908*0.68] mapped 585939 sequences
[M::worker_pipeline::2191.735*0.68] mapped 590968 sequences
[M::worker_pipeline::2235.583*0.68] mapped 593455 sequences
[M::worker_pipeline::2279.285*0.68] mapped 582303 sequences
[M::worker_pipeline::2323.076*0.68] mapped 583125 sequences
[M::worker_pipeline::2366.871*0.68] mapped 581452 sequences
[M::worker_pipeline::2410.596*0.68] mapped 582717 sequences
[M::worker_pipeline::2454.296*0.68] mapped 587694 sequences
[M::worker_pipeline::2498.007*0.68] mapped 592609 sequences
[M::worker_pipeline::2541.771*0.68] mapped 589541 sequences
[M::worker_pipeline::2585.618*0.68] mapped 594667 sequences
[M::worker_pipeline::2629.409*0.68] mapped 595376 sequences
[M::worker_pipeline::2673.411*0.68] mapped 595219 sequences
[M::worker_pipeline::2717.309*0.68] mapped 591982 sequences
[M::worker_pipeline::2761.201*0.68] mapped 592996 sequences
[M::worker_pipeline::2805.107*0.67] mapped 590474 sequences
[M::worker_pipeline::2849.056*0.67] mapped 593599 sequences
[M::worker_pipeline::2893.021*0.67] mapped 595972 sequences
[M::worker_pipeline::2936.795*0.67] mapped 591382 sequences
[M::worker_pipeline::2980.623*0.67] mapped 588685 sequences
[M::worker_pipeline::3024.481*0.67] mapped 590200 sequences
[M::worker_pipeline::3068.309*0.67] mapped 588284 sequences
[M::worker_pipeline::3112.228*0.67] mapped 590040 sequences
[M::worker_pipeline::3156.157*0.67] mapped 588976 sequences
[M::worker_pipeline::3200.221*0.67] mapped 588891 sequences
[M::worker_pipeline::3244.151*0.67] mapped 589255 sequences
[M::worker_pipeline::3288.059*0.67] mapped 588483 sequences
[M::worker_pipeline::3332.035*0.67] mapped 586102 sequences
[M::worker_pipeline::3376.118*0.67] mapped 585070 sequences
[M::worker_pipeline::3420.007*0.67] mapped 584908 sequences
[M::worker_pipeline::3464.214*0.67] mapped 586471 sequences
[M::worker_pipeline::3508.048*0.67] mapped 582177 sequences
[M::worker_pipeline::3552.479*0.67] mapped 596423 sequences
[M::worker_pipeline::3596.614*0.67] mapped 591362 sequences
[M::worker_pipeline::3640.349*0.67] mapped 581395 sequences
[M::worker_pipeline::3683.938*0.67] mapped 580876 sequences
[M::worker_pipeline::3727.424*0.67] mapped 580653 sequences
[M::worker_pipeline::3770.831*0.67] mapped 579695 sequences
[M::worker_pipeline::3814.280*0.67] mapped 581209 sequences
[M::worker_pipeline::3858.142*0.67] mapped 585387 sequences
[M::worker_pipeline::3901.898*0.67] mapped 586301 sequences
[M::worker_pipeline::3945.658*0.67] mapped 582664 sequences
[M::worker_pipeline::3989.530*0.67] mapped 585010 sequences
[M::worker_pipeline::4033.244*0.67] mapped 582498 sequences
[M::worker_pipeline::4076.916*0.67] mapped 585611 sequences
[M::worker_pipeline::4120.485*0.67] mapped 583606 sequences
[M::worker_pipeline::4164.226*0.67] mapped 582613 sequences
[M::worker_pipeline::4208.131*0.67] mapped 594226 sequences
[M::worker_pipeline::4251.794*0.67] mapped 592328 sequences
[M::worker_pipeline::4295.243*0.67] mapped 582484 sequences
[M::worker_pipeline::4338.976*0.67] mapped 582984 sequences
[M::worker_pipeline::4382.639*0.67] mapped 582886 sequences
[M::worker_pipeline::4426.434*0.67] mapped 581281 sequences
[M::worker_pipeline::4470.325*0.67] mapped 583080 sequences
[M::worker_pipeline::4514.042*0.67] mapped 582326 sequences
[M::worker_pipeline::4558.602*0.67] mapped 581362 sequences
[M::worker_pipeline::4602.292*0.67] mapped 582945 sequences
[M::worker_pipeline::4646.050*0.67] mapped 580302 sequences
[M::worker_pipeline::4690.500*0.67] mapped 578151 sequences
[M::worker_pipeline::4734.235*0.67] mapped 580882 sequences
[M::worker_pipeline::4778.017*0.67] mapped 580195 sequences
[M::worker_pipeline::4821.568*0.67] mapped 581709 sequences
[M::worker_pipeline::4865.163*0.67] mapped 580931 sequences
[M::worker_pipeline::4909.531*0.67] mapped 591613 sequences
[M::worker_pipeline::4953.303*0.67] mapped 586575 sequences
[M::worker_pipeline::4997.112*0.67] mapped 583560 sequences
[M::worker_pipeline::5040.839*0.67] mapped 579463 sequences
[M::worker_pipeline::5084.550*0.67] mapped 579543 sequences
[M::worker_pipeline::5227.701*0.66] mapped 581806 sequences
[M::worker_pipeline::5271.317*0.66] mapped 577612 sequences
[M::worker_pipeline::5314.921*0.66] mapped 579486 sequences
[M::worker_pipeline::5358.376*0.66] mapped 580751 sequences
[M::worker_pipeline::5401.806*0.66] mapped 579448 sequences
[M::worker_pipeline::5445.380*0.66] mapped 579962 sequences
[M::worker_pipeline::5489.033*0.66] mapped 577643 sequences
[M::worker_pipeline::5532.741*0.66] mapped 578681 sequences
[M::worker_pipeline::5576.263*0.66] mapped 581671 sequences
[M::worker_pipeline::5619.735*0.66] mapped 577063 sequences
[M::worker_pipeline::5663.162*0.66] mapped 580404 sequences
[M::worker_pipeline::5706.704*0.66] mapped 577990 sequences
[M::worker_pipeline::5750.268*0.66] mapped 580126 sequences
[M::worker_pipeline::5793.793*0.66] mapped 582192 sequences
[M::worker_pipeline::5837.762*0.66] mapped 595051 sequences
[M::worker_pipeline::5881.733*0.66] mapped 580177 sequences
[M::worker_pipeline::5925.527*0.66] mapped 581198 sequences
[M::worker_pipeline::5968.773*0.66] mapped 579176 sequences
[M::worker_pipeline::6012.109*0.66] mapped 582586 sequences
[M::worker_pipeline::6055.722*0.66] mapped 583060 sequences
[M::worker_pipeline::6099.486*0.66] mapped 583560 sequences
[M::worker_pipeline::6142.592*0.66] mapped 580341 sequences
[M::worker_pipeline::6185.710*0.66] mapped 578295 sequences
[M::worker_pipeline::6228.477*0.66] mapped 579514 sequences
[M::worker_pipeline::6272.371*0.66] mapped 580052 sequences
[M::worker_pipeline::6314.899*0.66] mapped 578892 sequences
[M::worker_pipeline::6357.388*0.66] mapped 579209 sequences
[M::worker_pipeline::6370.521*0.66] mapped 178785 sequences
[M::main] Version: 2.29-r1283
[M::main] CMD: minimap2 -t 120 -ax splice --splice-flank=no /data/CARDPB/data/LRS_RNA/projects/cedrics_nabec/REFERENCES/SIRV/SIRV_ERCC_longSIRV_multi-fasta_20210507.fasta /data/CARD_AUX/LRS_temp/NABEC_RNA/SNAKEMAKE_TEST/PYCHOPPER/NABEC_SH-00-34_FTX_RNA/NABEC_SH-00-34_FTX_RNA_20250114_2321_2E_PAY64520_2d2a8c92.trimmed.fastq -
[M::main] Real time: 6370.623 sec; CPU: 4199.497 sec; Peak RSS: 6.452 GB
[bam_sort_core] merging from 1 files and 120 in-memory blocks...
[bam_sort_core] merging from 0 files and 120 in-memory blocks...
[bam_sort_core] merging from 1 files and 120 in-memory blocks...
[M::bam2fq_mainloop] discarded 0 singletons
[M::bam2fq_mainloop] processed 83773176 reads
[M::mm_idx_gen::38.090*1.65] collected minimizers
[M::mm_idx_gen::47.896*6.14] sorted minimizers
[M::main::47.896*6.14] loaded/built the index for 195 target sequence(s)
[M::mm_mapopt_update::48.722*6.05] mid_occ = 1990
[M::mm_idx_stat] kmer size: 14; skip: 5; is_hpc: 0; #seq: 195
[M::mm_idx_stat::49.377*5.98] distinct minimizers: 65627027 (23.09% are singletons); average occurrences: 15.216; average spacing: 3.104; total length: 3099922541
[M::worker_pipeline::132.703*35.78] mapped 626601 sequences
[M::worker_pipeline::186.014*37.95] mapped 608942 sequences
[M::worker_pipeline::239.972*39.33] mapped 604553 sequences
[M::worker_pipeline::293.352*40.04] mapped 591992 sequences
[M::worker_pipeline::346.888*40.73] mapped 592326 sequences
[M::worker_pipeline::400.619*41.08] mapped 591074 sequences
[M::worker_pipeline::454.466*41.39] mapped 593406 sequences
[M::worker_pipeline::508.010*41.67] mapped 590779 sequences
[M::worker_pipeline::561.131*41.87] mapped 591516 sequences
[M::worker_pipeline::614.991*41.99] mapped 592534 sequences
[M::worker_pipeline::668.376*42.19] mapped 589784 sequences
[M::worker_pipeline::721.584*42.32] mapped 592205 sequences
[M::worker_pipeline::775.418*42.48] mapped 590199 sequences
[M::worker_pipeline::829.481*42.53] mapped 591892 sequences
[M::worker_pipeline::883.274*42.59] mapped 588548 sequences
[M::worker_pipeline::935.825*42.62] mapped 590777 sequences
[M::worker_pipeline::990.619*42.65] mapped 587965 sequences
[M::worker_pipeline::1043.644*42.67] mapped 595469 sequences
[M::worker_pipeline::1097.805*42.72] mapped 597848 sequences
[M::worker_pipeline::1150.054*42.78] mapped 590146 sequences
[M::worker_pipeline::1202.972*42.87] mapped 588970 sequences
[M::worker_pipeline::1256.583*42.96] mapped 586548 sequences
[M::worker_pipeline::1310.091*43.00] mapped 588413 sequences
[M::worker_pipeline::1364.377*43.05] mapped 586541 sequences
[M::worker_pipeline::1418.546*43.10] mapped 589080 sequences
[M::worker_pipeline::1471.871*43.13] mapped 586300 sequences
[M::worker_pipeline::1526.203*43.16] mapped 589378 sequences
[M::worker_pipeline::1580.342*43.19] mapped 585448 sequences
[M::worker_pipeline::1633.961*43.22] mapped 585529 sequences
[M::worker_pipeline::1688.521*43.25] mapped 585489 sequences
[M::worker_pipeline::1742.012*43.30] mapped 584759 sequences
[M::worker_pipeline::1796.566*43.31] mapped 585731 sequences
[M::worker_pipeline::1851.869*43.30] mapped 584099 sequences
[M::worker_pipeline::1904.917*43.31] mapped 595084 sequences
[M::worker_pipeline::1958.370*43.34] mapped 596807 sequences
[M::worker_pipeline::2012.306*43.37] mapped 585732 sequences
[M::worker_pipeline::2066.424*43.38] mapped 584741 sequences
[M::worker_pipeline::2120.124*43.41] mapped 586967 sequences
[M::worker_pipeline::2174.216*43.44] mapped 583662 sequences
[M::worker_pipeline::2228.595*43.45] mapped 584976 sequences
[M::worker_pipeline::2282.137*43.44] mapped 583603 sequences
[M::worker_pipeline::2336.089*43.46] mapped 584278 sequences
[M::worker_pipeline::2391.396*43.47] mapped 583920 sequences
[M::worker_pipeline::2446.382*43.48] mapped 581410 sequences
[M::worker_pipeline::2500.065*43.49] mapped 585255 sequences
[M::worker_pipeline::2554.616*43.52] mapped 581984 sequences
[M::worker_pipeline::2609.366*43.52] mapped 584591 sequences
[M::worker_pipeline::2663.815*43.55] mapped 582901 sequences
[M::worker_pipeline::2717.419*43.55] mapped 585561 sequences
[M::worker_pipeline::2772.114*43.55] mapped 592015 sequences
[M::worker_pipeline::2826.363*43.57] mapped 592317 sequences
[M::worker_pipeline::2881.015*43.58] mapped 580598 sequences
[M::worker_pipeline::2935.121*43.59] mapped 583315 sequences
[M::worker_pipeline::2989.561*43.63] mapped 580939 sequences
[M::worker_pipeline::3044.433*43.64] mapped 582976 sequences
[M::worker_pipeline::3099.338*43.66] mapped 589109 sequences
[M::worker_pipeline::3153.036*43.68] mapped 591743 sequences
[M::worker_pipeline::3206.361*43.69] mapped 588042 sequences
[M::worker_pipeline::3261.160*43.70] mapped 596420 sequences
[M::worker_pipeline::3315.682*43.71] mapped 595555 sequences
[M::worker_pipeline::3370.729*43.72] mapped 593141 sequences
[M::worker_pipeline::3425.360*43.72] mapped 591459 sequences
[M::worker_pipeline::3481.643*43.72] mapped 592857 sequences
[M::worker_pipeline::3536.057*43.74] mapped 590151 sequences
[M::worker_pipeline::3591.337*43.75] mapped 594692 sequences
[M::worker_pipeline::3645.783*43.76] mapped 594121 sequences
[M::worker_pipeline::3700.699*43.78] mapped 590850 sequences
[M::worker_pipeline::3755.084*43.79] mapped 587897 sequences
[M::worker_pipeline::3810.187*43.81] mapped 589461 sequences
[M::worker_pipeline::3864.605*43.82] mapped 589169 sequences
[M::worker_pipeline::3919.390*43.83] mapped 589235 sequences
[M::worker_pipeline::3974.074*43.83] mapped 589339 sequences
[M::worker_pipeline::4028.861*43.84] mapped 586955 sequences
[M::worker_pipeline::4084.159*43.84] mapped 588926 sequences
[M::worker_pipeline::4138.170*43.84] mapped 588554 sequences
[M::worker_pipeline::4191.715*43.85] mapped 585044 sequences
[M::worker_pipeline::4246.686*43.86] mapped 585651 sequences
[M::worker_pipeline::4300.575*43.88] mapped 585307 sequences
[M::worker_pipeline::4356.346*43.89] mapped 583714 sequences
[M::worker_pipeline::4411.409*43.89] mapped 585048 sequences
[M::worker_pipeline::4466.319*43.91] mapped 596249 sequences
[M::worker_pipeline::4521.713*43.92] mapped 588406 sequences
[M::worker_pipeline::4575.779*43.93] mapped 579936 sequences
[M::worker_pipeline::4630.454*43.94] mapped 580837 sequences
[M::worker_pipeline::4684.900*43.95] mapped 580245 sequences
[M::worker_pipeline::4740.043*43.96] mapped 580321 sequences
[M::worker_pipeline::4794.529*43.98] mapped 580608 sequences
[M::worker_pipeline::4849.141*43.99] mapped 585006 sequences
[M::worker_pipeline::4903.876*44.00] mapped 585872 sequences
[M::worker_pipeline::4957.827*44.01] mapped 583092 sequences
[M::worker_pipeline::5012.334*44.02] mapped 583716 sequences
[M::worker_pipeline::5067.545*44.03] mapped 583585 sequences
[M::worker_pipeline::5122.429*44.04] mapped 584265 sequences
[M::worker_pipeline::5176.540*44.05] mapped 583680 sequences
[M::worker_pipeline::5231.412*44.06] mapped 583842 sequences
[M::worker_pipeline::5287.254*44.06] mapped 594829 sequences
[M::worker_pipeline::5341.235*44.06] mapped 588761 sequences
[M::worker_pipeline::5395.863*44.07] mapped 583028 sequences
[M::worker_pipeline::5450.171*44.09] mapped 581005 sequences
[M::worker_pipeline::5504.901*44.10] mapped 582671 sequences
[M::worker_pipeline::5559.579*44.11] mapped 581483 sequences
[M::worker_pipeline::5614.635*44.12] mapped 582570 sequences
[M::worker_pipeline::5669.115*44.13] mapped 581761 sequences
[M::worker_pipeline::5724.185*44.14] mapped 581728 sequences
[M::worker_pipeline::5779.011*44.15] mapped 582238 sequences
[M::worker_pipeline::5833.695*44.16] mapped 579064 sequences
[M::worker_pipeline::5888.067*44.16] mapped 580547 sequences
[M::worker_pipeline::5943.031*44.17] mapped 577901 sequences
[M::worker_pipeline::5997.852*44.18] mapped 582622 sequences
[M::worker_pipeline::6053.148*44.18] mapped 579495 sequences
[M::worker_pipeline::6107.934*44.19] mapped 583205 sequences
[M::worker_pipeline::6162.454*44.20] mapped 590904 sequences
[M::worker_pipeline::6217.643*44.20] mapped 584448 sequences
[M::worker_pipeline::6273.092*44.21] mapped 582186 sequences
[M::worker_pipeline::6473.410*43.22] mapped 578847 sequences
[M::worker_pipeline::6528.327*43.24] mapped 578408 sequences
[M::worker_pipeline::6583.252*43.25] mapped 581574 sequences
[M::worker_pipeline::6637.942*43.27] mapped 578591 sequences
[M::worker_pipeline::6692.024*43.28] mapped 580870 sequences
[M::worker_pipeline::6746.929*43.29] mapped 577938 sequences
[M::worker_pipeline::6801.079*43.30] mapped 577936 sequences
[M::worker_pipeline::6854.744*43.31] mapped 580316 sequences
[M::worker_pipeline::6909.322*43.32] mapped 577427 sequences
[M::worker_pipeline::6963.361*43.34] mapped 581169 sequences
[M::worker_pipeline::7017.432*43.36] mapped 578036 sequences
[M::worker_pipeline::7071.862*43.38] mapped 577544 sequences
[M::worker_pipeline::7126.905*43.40] mapped 580121 sequences
[M::worker_pipeline::7181.497*43.42] mapped 577183 sequences
[M::worker_pipeline::7235.958*43.44] mapped 580242 sequences
[M::worker_pipeline::7290.139*43.44] mapped 586154 sequences
[M::worker_pipeline::7345.369*43.46] mapped 592510 sequences
[M::worker_pipeline::7400.815*43.48] mapped 577964 sequences
[M::worker_pipeline::7455.024*43.49] mapped 580800 sequences
[M::worker_pipeline::7508.710*43.50] mapped 580581 sequences
[M::worker_pipeline::7562.501*43.50] mapped 580556 sequences
[M::worker_pipeline::7616.711*43.51] mapped 583457 sequences
[M::worker_pipeline::7671.216*43.53] mapped 584211 sequences
[M::worker_pipeline::7726.208*43.54] mapped 577260 sequences
[M::worker_pipeline::7779.558*43.54] mapped 579283 sequences
[M::worker_pipeline::7832.736*43.55] mapped 580048 sequences
[M::worker_pipeline::7885.627*43.57] mapped 577736 sequences
[M::worker_pipeline::7938.642*43.56] mapped 578719 sequences
[M::worker_pipeline::7978.856*43.35] mapped 536676 sequences
[M::main] Version: 2.29-r1283
[M::main] CMD: minimap2 -t 120 -ax splice -k 14 -uf /data/CARDPB/resources/hg38/GCA_000001405.15_GRCh38_no_alt_analysis_set.fa /data/CARD_AUX/LRS_temp/NABEC_RNA/SNAKEMAKE_TEST/PYCHOPPER/NABEC_SH-00-34_FTX_RNA/NABEC_SH-00-34_FTX_RNA_20250114_2321_2E_PAY64520_2d2a8c92_brain_unmapped.fastq -
[M::main] Real time: 7979.477 sec; CPU: 345847.439 sec; Peak RSS: 46.984 GB
[bam_sort_core] merging from 1 files and 120 in-memory blocks...
[Thu Aug 28 23:35:16 2025]
Finished job 0.
1 of 1 steps (100%) done
