Building DAG of jobs...
Using shell: /usr/bin/bash
Provided cores: 2
Rules claiming more threads will be scaled down.
Provided resources: mem_mb=50000, mem_mib=47684, disk_mb=50000, disk_mib=47684, gpu=2
Select jobs to execute...

[Sun Aug 24 19:18:27 2025]
rule basecall:
    input: /data/CARD_AUX/LRS_temp/NABEC_RNA/NABEC_KEN-1127_FTX_RNA/NABEC_KEN-1127_FTX_RNA/20250114_2320_2C_PAY66952_ea90759d/pod5
    output: /data/CARD_AUX/LRS_temp/NABEC_RNA/SNAKEMAKE_TEST/ONT_UBAM/NABEC_KEN-1127_FTX_RNA/NABEC_KEN-1127_FTX_RNA_20250114_2320_2C_PAY66952_ea90759d.bam
    jobid: 0
    reason: Forced execution
    wildcards: sample_id=NABEC_KEN-1127_FTX_RNA, flowcell_id=20250114_2320_2C_PAY66952_ea90759d
    resources: mem_mb=50000, mem_mib=47684, disk_mb=50000, disk_mib=47684, tmpdir=/lscratch/65731752/tmp, runtime=7200, gpu=2, gpu_model=a100

[+] Loading dorado  0.9.0 
[+] Loading singularity  4.2.2  on cn0093 
[+] Loading pod5  0.3.15 
[2025-08-24 19:18:29.271] [info] Running: "basecaller" "--no-trim" "--estimate-poly-a" "-x" "cuda:all" "/fdb/dorado/0.9.0/dna_r10.4.1_e8.2_400bps_sup@v5.0.0" "/data/CARD_AUX/LRS_temp/NABEC_RNA/NABEC_KEN-1127_FTX_RNA/NABEC_KEN-1127_FTX_RNA/20250114_2320_2C_PAY66952_ea90759d/pod5" "--skip-model-compatibility-check"
[2025-08-24 19:18:29.651] [info] > Creating basecall pipeline
[2025-08-24 19:18:36.228] [info] Calculating optimized batch size for GPU "NVIDIA A100-SXM4-80GB" and model /fdb/dorado/0.9.0/dna_r10.4.1_e8.2_400bps_sup@v5.0.0. Full benchmarking will run for this device, which may take some time.
[2025-08-24 19:18:36.228] [info] Calculating optimized batch size for GPU "NVIDIA A100-SXM4-80GB" and model /fdb/dorado/0.9.0/dna_r10.4.1_e8.2_400bps_sup@v5.0.0. Full benchmarking will run for this device, which may take some time.
[2025-08-24 19:18:41.914] [info] cuda:1 using chunk size 11520, batch size 928
[2025-08-24 19:18:41.914] [info] cuda:0 using chunk size 11520, batch size 704
[2025-08-24 19:18:42.465] [info] cuda:0 using chunk size 5760, batch size 704
[2025-08-24 19:18:42.641] [info] cuda:1 using chunk size 5760, batch size 928
slurmstepd: error: *** JOB 65731752 ON cn0093 CANCELLED AT 2025-08-24T19:20:19 ***
