Building DAG of jobs...
Using shell: /usr/bin/bash
Provided cores: 30
Rules claiming more threads will be scaled down.
Provided resources: mem_mb=150000, mem_mib=143052, disk_mb=50000, disk_mib=47684, gpu=2
Select jobs to execute...

[Tue Aug 26 13:28:04 2025]
rule basecall:
    input: /data/CARD_AUX/LRS_temp/NABEC_RNA/NABEC_KEN-1127_FTX_RNA/NABEC_KEN-1127_FTX_RNA/20250114_2320_2C_PAY66952_ea90759d/pod5
    output: /data/CARD_AUX/LRS_temp/NABEC_RNA/SNAKEMAKE_TEST/ONT_UBAM/NABEC_KEN-1127_FTX_RNA/NABEC_KEN-1127_FTX_RNA_20250114_2320_2C_PAY66952_ea90759d.bam
    jobid: 0
    reason: Forced execution
    wildcards: sample_id=NABEC_KEN-1127_FTX_RNA, flowcell_id=20250114_2320_2C_PAY66952_ea90759d
    threads: 30
    resources: mem_mb=150000, mem_mib=143052, disk_mb=50000, disk_mib=47684, tmpdir=/lscratch/65881771/tmp, runtime=7200, gpu=2, gpu_model=a100

[+] Loading dorado  0.9.0 
[+] Loading singularity  4.2.2  on cn1110 
[+] Loading pod5  0.3.15 
[2025-08-26 13:28:06.416] [info] Running: "basecaller" "--no-trim" "--estimate-poly-a" "-x" "cuda:all" "/fdb/dorado/0.9.0/dna_r10.4.1_e8.2_400bps_sup@v5.0.0" "/data/CARD_AUX/LRS_temp/NABEC_RNA/NABEC_KEN-1127_FTX_RNA/NABEC_KEN-1127_FTX_RNA/20250114_2320_2C_PAY66952_ea90759d/pod5" "--skip-model-compatibility-check"
[2025-08-26 13:28:06.513] [info] > Creating basecall pipeline
[2025-08-26 13:28:11.818] [info] Calculating optimized batch size for GPU "NVIDIA A100-SXM4-80GB" and model /fdb/dorado/0.9.0/dna_r10.4.1_e8.2_400bps_sup@v5.0.0. Full benchmarking will run for this device, which may take some time.
[2025-08-26 13:28:11.818] [info] Calculating optimized batch size for GPU "NVIDIA A100-SXM4-80GB" and model /fdb/dorado/0.9.0/dna_r10.4.1_e8.2_400bps_sup@v5.0.0. Full benchmarking will run for this device, which may take some time.
[2025-08-26 13:28:16.754] [info] cuda:0 using chunk size 11520, batch size 672
[2025-08-26 13:28:16.754] [info] cuda:1 using chunk size 11520, batch size 672
[2025-08-26 13:28:17.278] [info] cuda:0 using chunk size 5760, batch size 672
[2025-08-26 13:28:17.279] [info] cuda:1 using chunk size 5760, batch size 672
[2025-08-27 14:16:25.516] [info] > Finished in (ms): 89287585
[2025-08-27 14:16:25.517] [info] > Simplex reads basecalled: 94242137
[2025-08-27 14:16:25.517] [info] > Simplex reads filtered: 174
[2025-08-27 14:16:25.517] [info] > Basecalled @ Samples/s: 1.959985e+07
[2025-08-27 14:16:25.517] [info] > PolyA tails called 83245231, not called 11021765, avg tail length 119
[2025-08-27 14:16:45.726] [info] > Finished
[2025-08-27 14:16:47.835] [info] Running: "summary" "/data/CARD_AUX/LRS_temp/NABEC_RNA/SNAKEMAKE_TEST/ONT_UBAM/NABEC_KEN-1127_FTX_RNA/NABEC_KEN-1127_FTX_RNA_20250114_2320_2C_PAY66952_ea90759d.bam"
[Wed Aug 27 14:41:31 2025]
Finished job 0.
1 of 1 steps (100%) done
