Building DAG of jobs...
Using shell: /usr/bin/bash
Provided cores: 2
Rules claiming more threads will be scaled down.
Provided resources: mem_mb=150000, mem_mib=143052, disk_mb=50000, disk_mib=47684, gpu=2
Select jobs to execute...

[Sun Aug 24 19:29:08 2025]
rule basecall:
    input: /data/CARD_AUX/LRS_temp/NABEC_RNA/NABEC_SH-00-34_FTX_RNA/NABEC_SH-00-34_FTX_RNA/20250114_2321_2E_PAY64520_2d2a8c92/pod5
    output: /data/CARD_AUX/LRS_temp/NABEC_RNA/SNAKEMAKE_TEST/ONT_UBAM/NABEC_SH-00-34_FTX_RNA/NABEC_SH-00-34_FTX_RNA_20250114_2321_2E_PAY64520_2d2a8c92.bam
    jobid: 0
    reason: Forced execution
    wildcards: sample_id=NABEC_SH-00-34_FTX_RNA, flowcell_id=20250114_2321_2E_PAY64520_2d2a8c92
    resources: mem_mb=150000, mem_mib=143052, disk_mb=50000, disk_mib=47684, tmpdir=/lscratch/65732085/tmp, runtime=7200, gpu=2, gpu_model=a100

[+] Loading dorado  0.9.0 
[+] Loading singularity  4.2.2  on cn0085 
[+] Loading pod5  0.3.15 
[2025-08-24 19:29:09.126] [info] Running: "basecaller" "--no-trim" "--estimate-poly-a" "-x" "cuda:all" "/fdb/dorado/0.9.0/dna_r10.4.1_e8.2_400bps_sup@v5.0.0" "/data/CARD_AUX/LRS_temp/NABEC_RNA/NABEC_SH-00-34_FTX_RNA/NABEC_SH-00-34_FTX_RNA/20250114_2321_2E_PAY64520_2d2a8c92/pod5" "--skip-model-compatibility-check"
[2025-08-24 19:29:09.470] [info] > Creating basecall pipeline
[2025-08-24 19:29:11.169] [info] Calculating optimized batch size for GPU "NVIDIA A100-SXM4-80GB" and model /fdb/dorado/0.9.0/dna_r10.4.1_e8.2_400bps_sup@v5.0.0. Full benchmarking will run for this device, which may take some time.
[2025-08-24 19:29:11.181] [info] Calculating optimized batch size for GPU "NVIDIA A100-SXM4-80GB" and model /fdb/dorado/0.9.0/dna_r10.4.1_e8.2_400bps_sup@v5.0.0. Full benchmarking will run for this device, which may take some time.
[2025-08-24 19:29:15.890] [info] cuda:0 using chunk size 11520, batch size 864
[2025-08-24 19:29:15.890] [info] cuda:1 using chunk size 11520, batch size 576
[2025-08-24 19:29:16.564] [info] cuda:0 using chunk size 5760, batch size 864
[2025-08-24 19:29:16.564] [info] cuda:1 using chunk size 5760, batch size 576
slurmstepd: error: *** JOB 65732085 ON cn0085 CANCELLED AT 2025-08-26T12:39:53 ***
