Building DAG of jobs...
Using shell: /usr/bin/bash
Provided cores: 30
Rules claiming more threads will be scaled down.
Provided resources: mem_mb=150000, mem_mib=143052, disk_mb=50000, disk_mib=47684, gpu=2
Select jobs to execute...

[Tue Aug 26 13:37:12 2025]
rule basecall:
    input: /data/CARD_AUX/LRS_temp/NABEC_RNA/NABEC_SH-00-34_FTX_RNA/NABEC_SH-00-34_FTX_RNA/20250114_2321_2E_PAY64520_2d2a8c92/pod5
    output: /data/CARD_AUX/LRS_temp/NABEC_RNA/SNAKEMAKE_TEST/ONT_UBAM/NABEC_SH-00-34_FTX_RNA/NABEC_SH-00-34_FTX_RNA_20250114_2321_2E_PAY64520_2d2a8c92.bam
    jobid: 0
    reason: Forced execution
    wildcards: sample_id=NABEC_SH-00-34_FTX_RNA, flowcell_id=20250114_2321_2E_PAY64520_2d2a8c92
    threads: 30
    resources: mem_mb=150000, mem_mib=143052, disk_mb=50000, disk_mib=47684, tmpdir=/lscratch/65881773/tmp, runtime=7200, gpu=2, gpu_model=a100

[+] Loading dorado  0.9.0 
[+] Loading singularity  4.2.2  on cn0088 
[+] Loading pod5  0.3.15 
[2025-08-26 13:37:13.907] [info] Running: "basecaller" "--no-trim" "--estimate-poly-a" "-x" "cuda:all" "/fdb/dorado/0.9.0/dna_r10.4.1_e8.2_400bps_sup@v5.0.0" "/data/CARD_AUX/LRS_temp/NABEC_RNA/NABEC_SH-00-34_FTX_RNA/NABEC_SH-00-34_FTX_RNA/20250114_2321_2E_PAY64520_2d2a8c92/pod5" "--skip-model-compatibility-check"
[2025-08-26 13:37:14.042] [info] > Creating basecall pipeline
[2025-08-26 13:37:18.357] [info] Calculating optimized batch size for GPU "NVIDIA A100-SXM4-80GB" and model /fdb/dorado/0.9.0/dna_r10.4.1_e8.2_400bps_sup@v5.0.0. Full benchmarking will run for this device, which may take some time.
[2025-08-26 13:37:18.365] [info] Calculating optimized batch size for GPU "NVIDIA A100-SXM4-80GB" and model /fdb/dorado/0.9.0/dna_r10.4.1_e8.2_400bps_sup@v5.0.0. Full benchmarking will run for this device, which may take some time.
[2025-08-26 13:37:23.184] [info] cuda:0 using chunk size 11520, batch size 576
[2025-08-26 13:37:23.184] [info] cuda:1 using chunk size 11520, batch size 672
[2025-08-26 13:37:23.633] [info] cuda:0 using chunk size 5760, batch size 576
[2025-08-26 13:37:23.708] [info] cuda:1 using chunk size 5760, batch size 672
[2025-08-27 12:42:16.113] [info] > Finished in (ms): 83091714
[2025-08-27 12:42:16.116] [info] > Simplex reads basecalled: 108002205
[2025-08-27 12:42:16.116] [info] > Simplex reads filtered: 116
[2025-08-27 12:42:16.116] [info] > Basecalled @ Samples/s: 1.909312e+07
[2025-08-27 12:42:16.116] [info] > PolyA tails called 97920002, not called 10107905, avg tail length 115
[2025-08-27 12:42:42.554] [info] > Finished
[2025-08-27 12:42:46.297] [info] Running: "summary" "/data/CARD_AUX/LRS_temp/NABEC_RNA/SNAKEMAKE_TEST/ONT_UBAM/NABEC_SH-00-34_FTX_RNA/NABEC_SH-00-34_FTX_RNA_20250114_2321_2E_PAY64520_2d2a8c92.bam"
[Wed Aug 27 13:07:57 2025]
Finished job 0.
1 of 1 steps (100%) done
