Building DAG of jobs...
Using shell: /usr/bin/bash
Provided cores: 2
Rules claiming more threads will be scaled down.
Provided resources: mem_mb=300000, mem_mib=286103, disk_mb=50000, disk_mib=47684, gpu=4
Select jobs to execute...

[Fri Jul 25 17:32:38 2025]
rule basecall:
    input: /data/CARD_AUX/LRS_temp/NABEC_RNA/NABEC_KEN-1127_FTX_RNA/NABEC_KEN-1127_FTX_RNA/20250114_2320_2C_PAY66952_ea90759d/pod5
    output: /data/CARD_AUX/LRS_temp/NABEC_RNA/SNAKEMAKE_TEST/ONT_UBAM/NABEC_KEN-1127_FTX_RNA/NABEC_KEN-1127_FTX_RNA_20250114_2320_2C_PAY66952_ea90759d.bam
    jobid: 0
    reason: Forced execution
    wildcards: sample_id=NABEC_KEN-1127_FTX_RNA, flowcell_id=20250114_2320_2C_PAY66952_ea90759d
    resources: mem_mb=300000, mem_mib=286103, disk_mb=50000, disk_mib=47684, tmpdir=/lscratch/63573038/tmp, runtime=7200, gpu=4, gpu_model=v100x

[+] Loading dorado  0.9.0 
[+] Loading singularity  4.2.2  on cn0833 
[+] Loading pod5  0.3.15 
[2025-07-25 17:32:42.171] [info] Running: "basecaller" "--no-trim" "--estimate-poly-a" "-x" "cuda:all" "/fdb/dorado/0.9.0/dna_r10.4.1_e8.2_400bps_sup@v5.0.0" "/data/CARD_AUX/LRS_temp/NABEC_RNA/NABEC_KEN-1127_FTX_RNA/NABEC_KEN-1127_FTX_RNA/20250114_2320_2C_PAY66952_ea90759d/pod5" "--skip-model-compatibility-check"
[2025-07-25 17:32:42.566] [info] > Creating basecall pipeline
[2025-07-25 17:32:49.608] [info] Calculating optimized batch size for GPU "Tesla V100-SXM2-32GB" and model /fdb/dorado/0.9.0/dna_r10.4.1_e8.2_400bps_sup@v5.0.0. Full benchmarking will run for this device, which may take some time.
[2025-07-25 17:32:49.632] [info] Calculating optimized batch size for GPU "Tesla V100-SXM2-32GB" and model /fdb/dorado/0.9.0/dna_r10.4.1_e8.2_400bps_sup@v5.0.0. Full benchmarking will run for this device, which may take some time.
[2025-07-25 17:32:49.635] [info] Calculating optimized batch size for GPU "Tesla V100-SXM2-32GB" and model /fdb/dorado/0.9.0/dna_r10.4.1_e8.2_400bps_sup@v5.0.0. Full benchmarking will run for this device, which may take some time.
[2025-07-25 17:32:49.639] [info] Calculating optimized batch size for GPU "Tesla V100-SXM2-32GB" and model /fdb/dorado/0.9.0/dna_r10.4.1_e8.2_400bps_sup@v5.0.0. Full benchmarking will run for this device, which may take some time.
[2025-07-25 17:33:19.472] [info] cuda:2 using chunk size 11520, batch size 416
[2025-07-25 17:33:19.472] [info] cuda:0 using chunk size 11520, batch size 416
[2025-07-25 17:33:19.472] [info] cuda:3 using chunk size 11520, batch size 416
[2025-07-25 17:33:19.472] [info] cuda:1 using chunk size 11520, batch size 416
[2025-07-25 17:33:21.501] [info] cuda:0 using chunk size 5760, batch size 768
[2025-07-25 17:33:21.535] [info] cuda:3 using chunk size 5760, batch size 864
[2025-07-25 17:33:21.536] [info] cuda:2 using chunk size 5760, batch size 800
[2025-07-25 17:33:21.537] [info] cuda:1 using chunk size 5760, batch size 800
[2025-07-31 00:42:25.742] [info] > Finished in (ms): 457740563
[2025-07-31 00:42:25.745] [info] > Simplex reads basecalled: 94242143
[2025-07-31 00:42:25.745] [info] > Simplex reads filtered: 148
[2025-07-31 00:42:25.745] [info] > Basecalled @ Samples/s: 3.823177e+06
[2025-07-31 00:42:25.745] [info] > PolyA tails called 83258993, not called 11007719, avg tail length 119
[2025-07-31 00:43:13.410] [info] > Finished
[2025-07-31 00:43:19.054] [info] Running: "summary" "/data/CARD_AUX/LRS_temp/NABEC_RNA/SNAKEMAKE_TEST/ONT_UBAM/NABEC_KEN-1127_FTX_RNA/NABEC_KEN-1127_FTX_RNA_20250114_2320_2C_PAY66952_ea90759d.bam"
[Thu Jul 31 01:30:26 2025]
Finished job 0.
1 of 1 steps (100%) done
