Building DAG of jobs...
Using shell: /usr/bin/bash
Provided cores: 10
Rules claiming more threads will be scaled down.
Provided resources: mem_mb=75000, mem_mib=71526, disk_mb=50000, disk_mib=47684, gpu=1
Select jobs to execute...

[Tue Aug 26 12:14:22 2025]
rule basecall:
    input: /data/CARD_AUX/LRS_temp/NABEC_RNA/NABEC_SH-03-17_FTX_RNA_test/NABEC_SH-03-17_FTX_RNA_test/20250116_1843_3G_PAY64563_27732d10_test/pod5
    output: /data/CARD_AUX/LRS_temp/NABEC_RNA/SNAKEMAKE_TEST/ONT_UBAM/NABEC_SH-03-17_FTX_RNA_test/NABEC_SH-03-17_FTX_RNA_test_20250116_1843_3G_PAY64563_27732d10_test.bam
    jobid: 0
    reason: Forced execution
    wildcards: sample_id=NABEC_SH-03-17_FTX_RNA_test, flowcell_id=20250116_1843_3G_PAY64563_27732d10_test
    threads: 10
    resources: mem_mb=75000, mem_mib=71526, disk_mb=50000, disk_mib=47684, tmpdir=/lscratch/65878138/tmp, runtime=7200, gpu=1, gpu_model=a100

[+] Loading dorado  0.9.0 
[+] Loading singularity  4.2.2  on cn0102 
[+] Loading pod5  0.3.15 
[2025-08-26 12:14:24.964] [info] Running: "basecaller" "--no-trim" "--estimate-poly-a" "-x" "cuda:all" "/fdb/dorado/0.9.0/dna_r10.4.1_e8.2_400bps_sup@v5.0.0" "/data/CARD_AUX/LRS_temp/NABEC_RNA/NABEC_SH-03-17_FTX_RNA_test/NABEC_SH-03-17_FTX_RNA_test/20250116_1843_3G_PAY64563_27732d10_test/pod5" "--skip-model-compatibility-check"
[2025-08-26 12:14:25.141] [info] > Creating basecall pipeline
[2025-08-26 12:14:27.530] [info] Calculating optimized batch size for GPU "NVIDIA A100-SXM4-80GB" and model /fdb/dorado/0.9.0/dna_r10.4.1_e8.2_400bps_sup@v5.0.0. Full benchmarking will run for this device, which may take some time.
[2025-08-26 12:14:32.851] [info] cuda:0 using chunk size 11520, batch size 672
[2025-08-26 12:14:33.378] [info] cuda:0 using chunk size 5760, batch size 672
[2025-08-26 12:16:13.432] [info] > Finished in (ms): 99615
[2025-08-26 12:16:13.432] [info] > Simplex reads basecalled: 81681
[2025-08-26 12:16:13.432] [info] > Basecalled @ Samples/s: 9.218925e+06
[2025-08-26 12:16:13.432] [info] > PolyA tails called 74058, not called 7630, avg tail length 113
[2025-08-26 12:16:13.439] [info] > Finished
[2025-08-26 12:16:15.103] [info] Running: "summary" "/data/CARD_AUX/LRS_temp/NABEC_RNA/SNAKEMAKE_TEST/ONT_UBAM/NABEC_SH-03-17_FTX_RNA_test/NABEC_SH-03-17_FTX_RNA_test_20250116_1843_3G_PAY64563_27732d10_test.bam"
[Tue Aug 26 12:16:16 2025]
Finished job 0.
1 of 1 steps (100%) done
