Building DAG of jobs...
Using shell: /usr/bin/bash
Provided cores: 60
Rules claiming more threads will be scaled down.
Provided resources: mem_mb=120000, mem_mib=114441, disk_mb=50000, disk_mib=47684
Select jobs to execute...

[Fri Aug 29 10:43:45 2025]
rule stringtie:
    input: /data/CARD_AUX/LRS_temp/NABEC_RNA/SNAKEMAKE_TEST/MAPPED/NABEC_SH-97-53_FTX_RNA/NABEC_SH-97-53_FTX_RNA_20250114_2315_3C_PAY68370_975be5bd_brain_mapped.sorted.bam
    output: /data/CARD_AUX/LRS_temp/NABEC_RNA/SNAKEMAKE_TEST/ASSEMBLY/STRINGTIE/NABEC_SH-97-53_FTX_RNA/sirv/NABEC_SH-97-53_FTX_RNA_20250114_2315_3C_PAY68370_975be5bd_sirv.stringtie.gtf, /data/CARD_AUX/LRS_temp/NABEC_RNA/SNAKEMAKE_TEST/ASSEMBLY/STRINGTIE/NABEC_SH-97-53_FTX_RNA/NABEC_SH-97-53_FTX_RNA_20250114_2315_3C_PAY68370_975be5bd_brain.stringtie.gtf
    jobid: 0
    reason: Forced execution
    wildcards: sample_id=NABEC_SH-97-53_FTX_RNA, flowcell_id=20250114_2315_3C_PAY68370_975be5bd
    threads: 60
    resources: mem_mb=120000, mem_mib=114441, disk_mb=50000, disk_mib=47684, tmpdir=/lscratch/66199089/tmp, runtime=4320, slurm_partition=norm

[+] Loading stringtie  2.2.3 
[+] Loading stringtie  2.2.3 
[Fri Aug 29 10:54:54 2025]
Finished job 0.
1 of 1 steps (100%) done
